Archive member included to satisfy reference by file (symbol)

d:/armtoolchainsecond/10 2021.10/bin/../lib/gcc/arm-none-eabi/10.3.1/thumb/v7-m/nofp\libgcc.a(_arm_muldf3.o)
                              CMakeFiles/Pioneer.elf.dir/app/Car.c.obj (__aeabi_dmul)
d:/armtoolchainsecond/10 2021.10/bin/../lib/gcc/arm-none-eabi/10.3.1/thumb/v7-m/nofp\libgcc.a(_arm_mulsf3.o)
                              CMakeFiles/Pioneer.elf.dir/Lib/PCA9685.c.obj (__aeabi_fmul)
d:/armtoolchainsecond/10 2021.10/bin/../lib/gcc/arm-none-eabi/10.3.1/thumb/v7-m/nofp\libgcc.a(_arm_addsubdf3.o)
                              CMakeFiles/Pioneer.elf.dir/app/Car.c.obj (__aeabi_dsub)
d:/armtoolchainsecond/10 2021.10/bin/../lib/gcc/arm-none-eabi/10.3.1/thumb/v7-m/nofp\libgcc.a(_arm_muldivdf3.o)
                              CMakeFiles/Pioneer.elf.dir/app/Car.c.obj (__aeabi_ddiv)
d:/armtoolchainsecond/10 2021.10/bin/../lib/gcc/arm-none-eabi/10.3.1/thumb/v7-m/nofp\libgcc.a(_arm_truncdfsf2.o)
                              CMakeFiles/Pioneer.elf.dir/app/Car.c.obj (__aeabi_d2f)
d:/armtoolchainsecond/10 2021.10/bin/../lib/gcc/arm-none-eabi/10.3.1/thumb/v7-m/nofp\libgcc.a(_arm_addsubsf3.o)
                              CMakeFiles/Pioneer.elf.dir/Lib/PCA9685.c.obj (__aeabi_fsub)
d:/armtoolchainsecond/10 2021.10/bin/../lib/gcc/arm-none-eabi/10.3.1/thumb/v7-m/nofp\libgcc.a(_arm_muldivsf3.o)
                              CMakeFiles/Pioneer.elf.dir/Lib/PCA9685.c.obj (__aeabi_fdiv)
d:/armtoolchainsecond/10 2021.10/bin/../lib/gcc/arm-none-eabi/10.3.1/thumb/v7-m/nofp\libgcc.a(_arm_cmpsf2.o)
                              CMakeFiles/Pioneer.elf.dir/Lib/PCA9685.c.obj (__aeabi_fcmpeq)
d:/armtoolchainsecond/10 2021.10/bin/../lib/gcc/arm-none-eabi/10.3.1/thumb/v7-m/nofp\libgcc.a(_arm_fixunssfsi.o)
                              CMakeFiles/Pioneer.elf.dir/Lib/PCA9685.c.obj (__aeabi_f2uiz)
d:/armtoolchainsecond/10 2021.10/bin/../lib/gcc/arm-none-eabi/10.3.1/../../../../arm-none-eabi/lib/thumb/v7-m/nofp\libg.a(lib_a-errno.o)
                              CMakeFiles/Pioneer.elf.dir/Core/Src/syscalls.c.obj (__errno)
d:/armtoolchainsecond/10 2021.10/bin/../lib/gcc/arm-none-eabi/10.3.1/../../../../arm-none-eabi/lib/thumb/v7-m/nofp\libg.a(lib_a-exit.o)
                              d:/armtoolchainsecond/10 2021.10/bin/../lib/gcc/arm-none-eabi/10.3.1/../../../../arm-none-eabi/lib/thumb/v7-m/nofp/crt0.o (exit)
d:/armtoolchainsecond/10 2021.10/bin/../lib/gcc/arm-none-eabi/10.3.1/../../../../arm-none-eabi/lib/thumb/v7-m/nofp\libg.a(lib_a-impure.o)
                              d:/armtoolchainsecond/10 2021.10/bin/../lib/gcc/arm-none-eabi/10.3.1/../../../../arm-none-eabi/lib/thumb/v7-m/nofp\libg.a(lib_a-exit.o) (_global_impure_ptr)
d:/armtoolchainsecond/10 2021.10/bin/../lib/gcc/arm-none-eabi/10.3.1/../../../../arm-none-eabi/lib/thumb/v7-m/nofp\libg.a(lib_a-init.o)
                              d:/armtoolchainsecond/10 2021.10/bin/../lib/gcc/arm-none-eabi/10.3.1/../../../../arm-none-eabi/lib/thumb/v7-m/nofp/crt0.o (__libc_init_array)
d:/armtoolchainsecond/10 2021.10/bin/../lib/gcc/arm-none-eabi/10.3.1/../../../../arm-none-eabi/lib/thumb/v7-m/nofp\libg.a(lib_a-malloc.o)
                              CMakeFiles/Pioneer.elf.dir/Lib/UART.c.obj (malloc)
d:/armtoolchainsecond/10 2021.10/bin/../lib/gcc/arm-none-eabi/10.3.1/../../../../arm-none-eabi/lib/thumb/v7-m/nofp\libg.a(lib_a-mallocr.o)
                              d:/armtoolchainsecond/10 2021.10/bin/../lib/gcc/arm-none-eabi/10.3.1/../../../../arm-none-eabi/lib/thumb/v7-m/nofp\libg.a(lib_a-malloc.o) (_malloc_r)
d:/armtoolchainsecond/10 2021.10/bin/../lib/gcc/arm-none-eabi/10.3.1/../../../../arm-none-eabi/lib/thumb/v7-m/nofp\libg.a(lib_a-memset.o)
                              d:/armtoolchainsecond/10 2021.10/bin/../lib/gcc/arm-none-eabi/10.3.1/../../../../arm-none-eabi/lib/thumb/v7-m/nofp/crt0.o (memset)
d:/armtoolchainsecond/10 2021.10/bin/../lib/gcc/arm-none-eabi/10.3.1/../../../../arm-none-eabi/lib/thumb/v7-m/nofp\libg.a(lib_a-mlock.o)
                              d:/armtoolchainsecond/10 2021.10/bin/../lib/gcc/arm-none-eabi/10.3.1/../../../../arm-none-eabi/lib/thumb/v7-m/nofp\libg.a(lib_a-mallocr.o) (__malloc_lock)
d:/armtoolchainsecond/10 2021.10/bin/../lib/gcc/arm-none-eabi/10.3.1/../../../../arm-none-eabi/lib/thumb/v7-m/nofp\libg.a(lib_a-realloc.o)
                              CMakeFiles/Pioneer.elf.dir/Lib/UART.c.obj (realloc)
d:/armtoolchainsecond/10 2021.10/bin/../lib/gcc/arm-none-eabi/10.3.1/../../../../arm-none-eabi/lib/thumb/v7-m/nofp\libg.a(lib_a-reallocr.o)
                              d:/armtoolchainsecond/10 2021.10/bin/../lib/gcc/arm-none-eabi/10.3.1/../../../../arm-none-eabi/lib/thumb/v7-m/nofp\libg.a(lib_a-realloc.o) (_realloc_r)
d:/armtoolchainsecond/10 2021.10/bin/../lib/gcc/arm-none-eabi/10.3.1/../../../../arm-none-eabi/lib/thumb/v7-m/nofp\libg.a(lib_a-sbrkr.o)
[...]
Memory Configuration

Name             Origin             Length             Attributes
RAM              0x20000000         0x0000c000         xrw
FLASH            0x08000000         0x00040000         xr
*default*        0x00000000         0xffffffff

Linker script and memory map

LOAD d:/armtoolchainsecond/10 2021.10/bin/../lib/gcc/arm-none-eabi/10.3.1/thumb/v7-m/nofp/crti.o
LOAD d:/armtoolchainsecond/10 2021.10/bin/../lib/gcc/arm-none-eabi/10.3.1/thumb/v7-m/nofp/crtbegin.o
LOAD d:/armtoolchainsecond/10 2021.10/bin/../lib/gcc/arm-none-eabi/10.3.1/../../../../arm-none-eabi/lib/thumb/v7-m/nofp/crt0.o
LOAD CMakeFiles/Pioneer.elf.dir/Core/Src/can.c.obj
LOAD CMakeFiles/Pioneer.elf.dir/Core/Src/delay.c.obj
LOAD CMakeFiles/Pioneer.elf.dir/Core/Src/dma.c.obj
LOAD CMakeFiles/Pioneer.elf.dir/Core/Src/gpio.c.obj
LOAD CMakeFiles/Pioneer.elf.dir/Core/Src/i2c.c.obj
LOAD CMakeFiles/Pioneer.elf.dir/Core/Src/main.c.obj
LOAD CMakeFiles/Pioneer.elf.dir/Core/Src/spi.c.obj
LOAD CMakeFiles/Pioneer.elf.dir/Core/Src/stm32f1xx_hal_msp.c.obj
LOAD CMakeFiles/Pioneer.elf.dir/Core/Src/stm32f1xx_it.c.obj
LOAD CMakeFiles/Pioneer.elf.dir/Core/Src/sys.c.obj
LOAD CMakeFiles/Pioneer.elf.dir/Core/Src/syscalls.c.obj
LOAD CMakeFiles/Pioneer.elf.dir/Core/Src/sysmem.c.obj
LOAD CMakeFiles/Pioneer.elf.dir/Core/Src/system_stm32f1xx.c.obj
LOAD CMakeFiles/Pioneer.elf.dir/Core/Src/tim.c.obj
LOAD CMakeFiles/Pioneer.elf.dir/Core/Src/usart.c.obj
LOAD CMakeFiles/Pioneer.elf.dir/Core/Startup/startup_stm32f103rctx.s.obj
LOAD CMakeFiles/Pioneer.elf.dir/Drivers/STM32F1xx_HAL_Driver/Src/stm32f1xx_hal.c.obj
LOAD CMakeFiles/Pioneer.elf.dir/Drivers/STM32F1xx_HAL_Driver/Src/stm32f1xx_hal_can.c.obj
LOAD CMakeFiles/Pioneer.elf.dir/Drivers/STM32F1xx_HAL_Driver/Src/stm32f1xx_hal_cortex.c.obj
LOAD CMakeFiles/Pioneer.elf.dir/Drivers/STM32F1xx_HAL_Driver/Src/stm32f1xx_hal_dma.c.obj
LOAD CMakeFiles/Pioneer.elf.dir/Drivers/STM32F1xx_HAL_Driver/Src/stm32f1xx_hal_exti.c.obj
LOAD CMakeFiles/Pioneer.elf.dir/Drivers/STM32F1xx_HAL_Driver/Src/stm32f1xx_hal_flash.c.obj
LOAD CMakeFiles/Pioneer.elf.dir/Drivers/STM32F1xx_HAL_Driver/Src/stm32f1xx_hal_flash_ex.c.obj
LOAD CMakeFiles/Pioneer.elf.dir/Drivers/STM32F1xx_HAL_Driver/Src/stm32f1xx_hal_gpio.c.obj
LOAD CMakeFiles/Pioneer.elf.dir/Drivers/STM32F1xx_HAL_Driver/Src/stm32f1xx_hal_gpio_ex.c.obj
LOAD CMakeFiles/Pioneer.elf.dir/Drivers/STM32F1xx_HAL_Driver/Src/stm32f1xx_hal_i2c.c.obj
LOAD CMakeFiles/Pioneer.elf.dir/Drivers/STM32F1xx_HAL_Driver/Src/stm32f1xx_hal_pwr.c.obj
LOAD CMakeFiles/Pioneer.elf.dir/Drivers/STM32F1xx_HAL_Driver/Src/stm32f1xx_hal_rcc.c.obj
LOAD CMakeFiles/Pioneer.elf.dir/Drivers/STM32F1xx_HAL_Driver/Src/stm32f1xx_hal_rcc_ex.c.obj
LOAD CMakeFiles/Pioneer.elf.dir/Drivers/STM32F1xx_HAL_Driver/Src/stm32f1xx_hal_tim.c.obj
LOAD CMakeFiles/Pioneer.elf.dir/Drivers/STM32F1xx_HAL_Driver/Src/stm32f1xx_hal_tim_ex.c.obj
LOAD CMakeFiles/Pioneer.elf.dir/Drivers/STM32F1xx_HAL_Driver/Src/stm32f1xx_hal_uart.c.obj
LOAD CMakeFiles/Pioneer.elf.dir/HARDWARE/LED/led.c.obj
LOAD CMakeFiles/Pioneer.elf.dir/HARDWARE/PS2/pstwo.c.obj
LOAD CMakeFiles/Pioneer.elf.dir/Lib/PCA9685.c.obj
LOAD CMakeFiles/Pioneer.elf.dir/Lib/UART.c.obj
LOAD CMakeFiles/Pioneer.elf.dir/app/Car.c.obj
LOAD CMakeFiles/Pioneer.elf.dir/app/Display.c.obj
START GROUP
LOAD d:/armtoolchainsecond/10 2021.10/bin/../lib/gcc/arm-none-eabi/10.3.1/thumb/v7-m/nofp\libgcc.a
LOAD d:/armtoolchainsecond/10 2021.10/bin/../lib/gcc/arm-none-eabi/10.3.1/../../../../arm-none-eabi/lib/thumb/v7-m/nofp\libg.a
LOAD d:/armtoolchainsecond/10 2021.10/bin/../lib/gcc/arm-none-eabi/10.3.1/../../../../arm-none-eabi/lib/thumb/v7-m/nofp\libc.a
END GROUP
LOAD d:/armtoolchainsecond/10 2021.10/bin/../lib/gcc/arm-none-eabi/10.3.1/thumb/v7-m/nofp/crtend.o
LOAD d:/armtoolchainsecond/10 2021.10/bin/../lib/gcc/arm-none-eabi/10.3.1/thumb/v7-m/nofp/crtn.o
                0x2000c000                _estack = (ORIGIN (RAM) + LENGTH (RAM))
                0x00000200                _Min_Heap_Size = 0x200
                0x00000f00                _Min_Stack_Size = 0xf00

.isr_vector     0x08000000      0x1e4
                0x08000000                . = ALIGN (0x4)
 *(.isr_vector)
 .isr_vector    0x08000000      0x1e4 CMakeFiles/Pioneer.elf.dir/Core/Startup/startup_stm32f103rctx.s.obj
                0x08000000                g_pfnVectors
                0x080001e4                . = ALIGN (0x4)

.text           0x080001e8     0x4250
                0x080001e8                . = ALIGN (0x4)
 *(.text)
 .text          0x080001e8       0x40 d:/armtoolchainsecond/10 2021.10/bin/../lib/gcc/arm-none-eabi/10.3.1/thumb/v7-m/nofp/crtbegin.o
 .text          0x08000228      0x378 d:/armtoolchainsecond/10 2021.10/bin/../lib/gcc/arm-none-eabi/10.3.1/thumb/v7-m/nofp\libgcc.a(_arm_addsubdf3.o)
                0x08000228                __aeabi_drsub
                0x08000230                __aeabi_dsub
                0x08000230                __subdf3
                0x08000234                __aeabi_dadd
                0x08000234                __adddf3
                0x080004ac                __floatunsidf
                0x080004ac                __aeabi_ui2d
                0x080004cc                __floatsidf
                0x080004cc                __aeabi_i2d
                0x080004f0                __aeabi_f2d
                0x080004f0                __extendsfdf2
                0x08000534                __floatundidf
                0x08000534                __aeabi_ul2d
                0x08000544                __floatdidf
                0x08000544                __aeabi_l2d
 .text          0x080005a0      0x424 d:/armtoolchainsecond/10 2021.10/bin/../lib/gcc/arm-none-eabi/10.3.1/thumb/v7-m/nofp\libgcc.a(_arm_muldivdf3.o)
                0x080005a0                __aeabi_dmul
                0x080005a0                __muldf3
                0x080007f4                __divdf3
                0x080007f4                __aeabi_ddiv
 .text          0x080009c4       0xa0 d:/armtoolchainsecond/10 2021.10/bin/../lib/gcc/arm-none-eabi/10.3.1/thumb/v7-m/nofp\libgcc.a(_arm_truncdfsf2.o)
                0x080009c4                __truncdfsf2
                0x080009c4                __aeabi_d2f
 .text          0x08000a64      0x21c d:/armtoolchainsecond/10 2021.10/bin/../lib/gcc/arm-none-eabi/10.3.1/thumb/v7-m/nofp\libgcc.a(_arm_addsubsf3.o)
                0x08000a64                __aeabi_frsub
                0x08000a6c                __subsf3
                0x08000a6c                __aeabi_fsub
                0x08000a70                __aeabi_fadd
                0x08000a70                __addsf3
                0x08000bd0                __aeabi_ui2f
                0x08000bd0                __floatunsisf
                0x08000bd8                __aeabi_i2f
                0x08000bd8                __floatsisf
                0x08000bf4                __aeabi_ul2f
                0x08000bf4                __floatundisf
                0x08000c04                __aeabi_l2f
                0x08000c04                __floatdisf
 .text          0x08000c80      0x2a0 d:/armtoolchainsecond/10 2021.10/bin/../lib/gcc/arm-none-eabi/10.3.1/thumb/v7-m/nofp\libgcc.a(_arm_muldivsf3.o)
                0x08000c80                __mulsf3
                0x08000c80                __aeabi_fmul
                0x08000de8                __aeabi_fdiv
                0x08000de8                __divsf3
 .text          0x08000f20       0xec d:/armtoolchainsecond/10 2021.10/bin/../lib/gcc/arm-none-eabi/10.3.1/thumb/v7-m/nofp\libgcc.a(_arm_cmpsf2.o)
                0x08000f20                __gesf2
                0x08000f20                __gtsf2
                0x08000f28                __lesf2
                0x08000f28                __ltsf2
                0x08000f30                __nesf2
                0x08000f30                __eqsf2
                0x08000f30                __cmpsf2
                0x08000f90                __aeabi_cfrcmple
                0x08000f98                __aeabi_cfcmpeq
                0x08000f98                __aeabi_cfcmple
                0x08000fa8                __aeabi_fcmpeq
                0x08000fbc                __aeabi_fcmplt
                0x08000fd0                __aeabi_fcmple
                0x08000fe4                __aeabi_fcmpge
                0x08000ff8                __aeabi_fcmpgt
 .text          0x0800100c       0x40 d:/armtoolchainsecond/10 2021.10/bin/../lib/gcc/arm-none-eabi/10.3.1/thumb/v7-m/nofp\libgcc.a(_arm_fixunssfsi.o)
                0x0800100c                __fixunssfsi
                0x0800100c                __aeabi_f2uiz
 *(.text*)
 .text.MX_CAN_Init
                0x0800104c       0x7c CMakeFiles/Pioneer.elf.dir/Core/Src/can.c.obj
                0x0800104c                MX_CAN_Init
 .text.HAL_CAN_MspInit
                0x080010c8       0x98 CMakeFiles/Pioneer.elf.dir/Core/Src/can.c.obj
                0x080010c8                HAL_CAN_MspInit
 .text.delay_us
                0x08001160       0x44 CMakeFiles/Pioneer.elf.dir/Core/Src/delay.c.obj
                0x08001160                delay_us
 .text.MX_GPIO_Init
                0x080011a4      0x178 CMakeFiles/Pioneer.elf.dir/Core/Src/gpio.c.obj
                0x080011a4                MX_GPIO_Init
 .text.MX_I2C2_Init
                0x0800131c       0x3c CMakeFiles/Pioneer.elf.dir/Core/Src/i2c.c.obj
                0x0800131c                MX_I2C2_Init
 .text.HAL_I2C_MspInit
                0x08001358       0x64 CMakeFiles/Pioneer.elf.dir/Core/Src/i2c.c.obj
                0x08001358                HAL_I2C_MspInit
 .text.Error_Handler
                0x080013bc        0x4 CMakeFiles/Pioneer.elf.dir/Core/Src/main.c.obj
                0x080013bc                Error_Handler
 .text.SystemClock_Config
                0x080013c0       0x64 CMakeFiles/Pioneer.elf.dir/Core/Src/main.c.obj
                0x080013c0                SystemClock_Config
 .text.main     0x08001424       0xa4 CMakeFiles/Pioneer.elf.dir/Core/Src/main.c.obj
                0x08001424                main
 .text.HAL_MspInit
                0x080014c8       0x44 CMakeFiles/Pioneer.elf.dir/Core/Src/stm32f1xx_hal_msp.c.obj
                0x080014c8                HAL_MspInit
 .text.NMI_Handler
                0x0800150c        0x2 CMakeFiles/Pioneer.elf.dir/Core/Src/stm32f1xx_it.c.obj
                0x0800150c                NMI_Handler
 .text.HardFault_Handler
                0x0800150e        0x2 CMakeFiles/Pioneer.elf.dir/Core/Src/stm32f1xx_it.c.obj
                0x0800150e                HardFault_Handler
 .text.MemManage_Handler
                0x08001510        0x2 CMakeFiles/Pioneer.elf.dir/Core/Src/stm32f1xx_it.c.obj
                0x08001510                MemManage_Handler
 .text.BusFault_Handler
                0x08001512        0x2 CMakeFiles/Pioneer.elf.dir/Core/Src/stm32f1xx_it.c.obj
                0x08001512                BusFault_Handler
 .text.UsageFault_Handler
                0x08001514        0x2 CMakeFiles/Pioneer.elf.dir/Core/Src/stm32f1xx_it.c.obj
                0x08001514                UsageFault_Handler
 .text.SVC_Handler
                0x08001516        0x2 CMakeFiles/Pioneer.elf.dir/Core/Src/stm32f1xx_it.c.obj
                0x08001516                SVC_Handler
 .text.DebugMon_Handler
                0x08001518        0x2 CMakeFiles/Pioneer.elf.dir/Core/Src/stm32f1xx_it.c.obj
                0x08001518                DebugMon_Handler
 .text.PendSV_Handler
                0x0800151a        0x2 CMakeFiles/Pioneer.elf.dir/Core/Src/stm32f1xx_it.c.obj
                0x0800151a                PendSV_Handler
 .text.SysTick_Handler
                0x0800151c        0x8 CMakeFiles/Pioneer.elf.dir/Core/Src/stm32f1xx_it.c.obj
                0x0800151c                SysTick_Handler
 .text.EXTI0_IRQHandler
                0x08001524        0xa CMakeFiles/Pioneer.elf.dir/Core/Src/stm32f1xx_it.c.obj
                0x08001524                EXTI0_IRQHandler
 .text.EXTI1_IRQHandler
                0x0800152e        0xa CMakeFiles/Pioneer.elf.dir/Core/Src/stm32f1xx_it.c.obj
                0x0800152e                EXTI1_IRQHandler
 .text.EXTI2_IRQHandler
                0x08001538        0xa CMakeFiles/Pioneer.elf.dir/Core/Src/stm32f1xx_it.c.obj
                0x08001538                EXTI2_IRQHandler
 *fill*         0x08001542        0x2 
 .text.TIM1_UP_IRQHandler
                0x08001544       0x10 CMakeFiles/Pioneer.elf.dir/Core/Src/stm32f1xx_it.c.obj
                0x08001544                TIM1_UP_IRQHandler
 .text.TIM2_IRQHandler
                0x08001554       0x10 CMakeFiles/Pioneer.elf.dir/Core/Src/stm32f1xx_it.c.obj
                0x08001554                TIM2_IRQHandler
 .text.TIM3_IRQHandler
                0x08001564       0x10 CMakeFiles/Pioneer.elf.dir/Core/Src/stm32f1xx_it.c.obj
                0x08001564                TIM3_IRQHandler
 .text.TIM4_IRQHandler
                0x08001574       0x10 CMakeFiles/Pioneer.elf.dir/Core/Src/stm32f1xx_it.c.obj
                0x08001574                TIM4_IRQHandler
 .text.TIM5_IRQHandler
                0x08001584       0x10 CMakeFiles/Pioneer.elf.dir/Core/Src/stm32f1xx_it.c.obj
                0x08001584                TIM5_IRQHandler
 .text.SystemInit
                0x08001594        0x2 CMakeFiles/Pioneer.elf.dir/Core/Src/system_stm32f1xx.c.obj
                0x08001594                SystemInit
 *fill*         0x08001596        0x2 
 .text.MX_TIM1_Init
                0x08001598       0x70 CMakeFiles/Pioneer.elf.dir/Core/Src/tim.c.obj
                0x08001598                MX_TIM1_Init
 .text.MX_TIM2_Init
                0x08001608       0x68 CMakeFiles/Pioneer.elf.dir/Core/Src/tim.c.obj
                0x08001608                MX_TIM2_Init
 .text.MX_TIM3_Init
                0x08001670       0x6c CMakeFiles/Pioneer.elf.dir/Core/Src/tim.c.obj
                0x08001670                MX_TIM3_Init
 .text.MX_TIM4_Init
                0x080016dc       0x6c CMakeFiles/Pioneer.elf.dir/Core/Src/tim.c.obj
                0x080016dc                MX_TIM4_Init
 .text.MX_TIM5_Init
                0x08001748       0x6c CMakeFiles/Pioneer.elf.dir/Core/Src/tim.c.obj
                0x08001748                MX_TIM5_Init
 .text.HAL_TIM_Base_MspInit
                0x080017b4       0x40 CMakeFiles/Pioneer.elf.dir/Core/Src/tim.c.obj
                0x080017b4                HAL_TIM_Base_MspInit
 .text.HAL_TIM_Encoder_MspInit
                0x080017f4      0x194 CMakeFiles/Pioneer.elf.dir/Core/Src/tim.c.obj
                0x080017f4                HAL_TIM_Encoder_MspInit
 .text.MX_USART1_UART_Init
                0x08001988       0x34 CMakeFiles/Pioneer.elf.dir/Core/Src/usart.c.obj
                0x08001988                MX_USART1_UART_Init
 .text.MX_USART2_UART_Init
                0x080019bc       0x34 CMakeFiles/Pioneer.elf.dir/Core/Src/usart.c.obj
                0x080019bc                MX_USART2_UART_Init
 .text.HAL_UART_MspInit
                0x080019f0       0xd4 CMakeFiles/Pioneer.elf.dir/Core/Src/usart.c.obj
                0x080019f0                HAL_UART_MspInit
 .text.Reset_Handler
                0x08001ac4       0x48 CMakeFiles/Pioneer.elf.dir/Core/Startup/startup_stm32f103rctx.s.obj
                0x08001ac4                Reset_Handler
 .text.Default_Handler
                0x08001b0c        0x2 CMakeFiles/Pioneer.elf.dir/Core/Startup/startup_stm32f103rctx.s.obj
                0x08001b0c                RTC_Alarm_IRQHandler
                0x08001b0c                TIM8_TRG_COM_IRQHandler
                0x08001b0c                TIM8_CC_IRQHandler
                0x08001b0c                TIM1_CC_IRQHandler
                0x08001b0c                TIM6_IRQHandler
                0x08001b0c                PVD_IRQHandler
                0x08001b0c                SDIO_IRQHandler
                0x08001b0c                EXTI3_IRQHandler
                0x08001b0c                I2C2_EV_IRQHandler
                0x08001b0c                ADC1_2_IRQHandler
                0x08001b0c                SPI1_IRQHandler
                0x08001b0c                TAMPER_IRQHandler
                0x08001b0c                TIM8_UP_IRQHandler
                0x08001b0c                DMA2_Channel2_IRQHandler
                0x08001b0c                DMA1_Channel4_IRQHandler
                0x08001b0c                USART3_IRQHandler
                0x08001b0c                RTC_IRQHandler
                0x08001b0c                DMA1_Channel7_IRQHandler
                0x08001b0c                CAN1_RX1_IRQHandler
                0x08001b0c                UART5_IRQHandler
                0x08001b0c                ADC3_IRQHandler
                0x08001b0c                DMA2_Channel1_IRQHandler
                0x08001b0c                I2C1_EV_IRQHandler
                0x08001b0c                DMA1_Channel6_IRQHandler
                0x08001b0c                UART4_IRQHandler
                0x08001b0c                RCC_IRQHandler
                0x08001b0c                TIM1_TRG_COM_IRQHandler
                0x08001b0c                DMA1_Channel1_IRQHandler
                0x08001b0c                Default_Handler
                0x08001b0c                EXTI15_10_IRQHandler
                0x08001b0c                TIM7_IRQHandler
                0x08001b0c                EXTI9_5_IRQHandler
                0x08001b0c                SPI2_IRQHandler
                0x08001b0c                DMA1_Channel5_IRQHandler
                0x08001b0c                EXTI4_IRQHandler
                0x08001b0c                USB_LP_CAN1_RX0_IRQHandler
                0x08001b0c                USB_HP_CAN1_TX_IRQHandler
                0x08001b0c                DMA1_Channel3_IRQHandler
                0x08001b0c                FSMC_IRQHandler
                0x08001b0c                WWDG_IRQHandler
                0x08001b0c                TIM1_BRK_IRQHandler
                0x08001b0c                DMA2_Channel4_5_IRQHandler
                0x08001b0c                USART2_IRQHandler
                0x08001b0c                I2C2_ER_IRQHandler
                0x08001b0c                DMA1_Channel2_IRQHandler
                0x08001b0c                TIM8_BRK_IRQHandler
                0x08001b0c                CAN1_SCE_IRQHandler
                0x08001b0c                FLASH_IRQHandler
                0x08001b0c                USART1_IRQHandler
                0x08001b0c                SPI3_IRQHandler
                0x08001b0c                I2C1_ER_IRQHandler
                0x08001b0c                USBWakeUp_IRQHandler
                0x08001b0c                DMA2_Channel3_IRQHandler
 *fill*         0x08001b0e        0x2 
 .text.HAL_InitTick
                0x08001b10       0x4c CMakeFiles/Pioneer.elf.dir/Drivers/STM32F1xx_HAL_Driver/Src/stm32f1xx_hal.c.obj
                0x08001b10                HAL_InitTick
 .text.HAL_Init
                0x08001b5c       0x24 CMakeFiles/Pioneer.elf.dir/Drivers/STM32F1xx_HAL_Driver/Src/stm32f1xx_hal.c.obj
                0x08001b5c                HAL_Init
 .text.HAL_IncTick
                0x08001b80       0x18 CMakeFiles/Pioneer.elf.dir/Drivers/STM32F1xx_HAL_Driver/Src/stm32f1xx_hal.c.obj
                0x08001b80                HAL_IncTick
 .text.HAL_GetTick
                0x08001b98        0xc CMakeFiles/Pioneer.elf.dir/Drivers/STM32F1xx_HAL_Driver/Src/stm32f1xx_hal.c.obj
                0x08001b98                HAL_GetTick
 .text.HAL_Delay
                0x08001ba4       0x28 CMakeFiles/Pioneer.elf.dir/Drivers/STM32F1xx_HAL_Driver/Src/stm32f1xx_hal.c.obj
                0x08001ba4                HAL_Delay
 .text.HAL_CAN_Init
                0x08001bcc      0x14c CMakeFiles/Pioneer.elf.dir/Drivers/STM32F1xx_HAL_Driver/Src/stm32f1xx_hal_can.c.obj
                0x08001bcc                HAL_CAN_Init
 .text.HAL_CAN_ConfigFilter
                0x08001d18      0x10c CMakeFiles/Pioneer.elf.dir/Drivers/STM32F1xx_HAL_Driver/Src/stm32f1xx_hal_can.c.obj
                0x08001d18                HAL_CAN_ConfigFilter
 .text.HAL_CAN_Start
                0x08001e24       0x5c CMakeFiles/Pioneer.elf.dir/Drivers/STM32F1xx_HAL_Driver/Src/stm32f1xx_hal_can.c.obj
                0x08001e24                HAL_CAN_Start
 .text.HAL_NVIC_SetPriorityGrouping
                0x08001e80       0x24 CMakeFiles/Pioneer.elf.dir/Drivers/STM32F1xx_HAL_Driver/Src/stm32f1xx_hal_cortex.c.obj
                0x08001e80                HAL_NVIC_SetPriorityGrouping
 .text.HAL_NVIC_SetPriority
                0x08001ea4       0x70 CMakeFiles/Pioneer.elf.dir/Drivers/STM32F1xx_HAL_Driver/Src/stm32f1xx_hal_cortex.c.obj
                0x08001ea4                HAL_NVIC_SetPriority
 .text.HAL_NVIC_EnableIRQ
                0x08001f14       0x1c CMakeFiles/Pioneer.elf.dir/Drivers/STM32F1xx_HAL_Driver/Src/stm32f1xx_hal_cortex.c.obj
                0x08001f14                HAL_NVIC_EnableIRQ
 .text.HAL_SYSTICK_Config
                0x08001f30       0x28 CMakeFiles/Pioneer.elf.dir/Drivers/STM32F1xx_HAL_Driver/Src/stm32f1xx_hal_cortex.c.obj
                0x08001f30                HAL_SYSTICK_Config
 .text.HAL_GPIO_Init
                0x08001f58      0x240 CMakeFiles/Pioneer.elf.dir/Drivers/STM32F1xx_HAL_Driver/Src/stm32f1xx_hal_gpio.c.obj
                0x08001f58                HAL_GPIO_Init
 .text.HAL_GPIO_WritePin
                0x08002198        0xc CMakeFiles/Pioneer.elf.dir/Drivers/STM32F1xx_HAL_Driver/Src/stm32f1xx_hal_gpio.c.obj
                0x08002198                HAL_GPIO_WritePin
 .text.HAL_GPIO_EXTI_Callback
                0x080021a4        0x2 CMakeFiles/Pioneer.elf.dir/Drivers/STM32F1xx_HAL_Driver/Src/stm32f1xx_hal_gpio.c.obj
                0x080021a4                HAL_GPIO_EXTI_Callback
 *fill*         0x080021a6        0x2 
 .text.HAL_GPIO_EXTI_IRQHandler
                0x080021a8       0x1c CMakeFiles/Pioneer.elf.dir/Drivers/STM32F1xx_HAL_Driver/Src/stm32f1xx_hal_gpio.c.obj
                0x080021a8                HAL_GPIO_EXTI_IRQHandler
 .text.I2C_IsAcknowledgeFailed
                0x080021c4       0x32 CMakeFiles/Pioneer.elf.dir/Drivers/STM32F1xx_HAL_Driver/Src/stm32f1xx_hal_i2c.c.obj
 .text.I2C_WaitOnFlagUntilTimeout
                0x080021f6       0xaa CMakeFiles/Pioneer.elf.dir/Drivers/STM32F1xx_HAL_Driver/Src/stm32f1xx_hal_i2c.c.obj
 .text.I2C_WaitOnMasterAddressFlagUntilTimeout
                0x080022a0       0xd6 CMakeFiles/Pioneer.elf.dir/Drivers/STM32F1xx_HAL_Driver/Src/stm32f1xx_hal_i2c.c.obj
 .text.I2C_WaitOnTXEFlagUntilTimeout
                0x08002376       0x5e CMakeFiles/Pioneer.elf.dir/Drivers/STM32F1xx_HAL_Driver/Src/stm32f1xx_hal_i2c.c.obj
 .text.I2C_RequestMemoryWrite
                0x080023d4       0xd8 CMakeFiles/Pioneer.elf.dir/Drivers/STM32F1xx_HAL_Driver/Src/stm32f1xx_hal_i2c.c.obj
 .text.I2C_RequestMemoryRead
                0x080024ac      0x154 CMakeFiles/Pioneer.elf.dir/Drivers/STM32F1xx_HAL_Driver/Src/stm32f1xx_hal_i2c.c.obj
 .text.I2C_WaitOnBTFFlagUntilTimeout
                0x08002600       0x5e CMakeFiles/Pioneer.elf.dir/Drivers/STM32F1xx_HAL_Driver/Src/stm32f1xx_hal_i2c.c.obj
 .text.I2C_WaitOnRXNEFlagUntilTimeout
                0x0800265e       0x78 CMakeFiles/Pioneer.elf.dir/Drivers/STM32F1xx_HAL_Driver/Src/stm32f1xx_hal_i2c.c.obj
 *fill*         0x080026d6        0x2 
 .text.HAL_I2C_Init
                0x080026d8      0x1bc CMakeFiles/Pioneer.elf.dir/Drivers/STM32F1xx_HAL_Driver/Src/stm32f1xx_hal_i2c.c.obj
                0x080026d8                HAL_I2C_Init
 .text.HAL_I2C_Mem_Write
                0x08002894      0x164 CMakeFiles/Pioneer.elf.dir/Drivers/STM32F1xx_HAL_Driver/Src/stm32f1xx_hal_i2c.c.obj
                0x08002894                HAL_I2C_Mem_Write
 .text.HAL_I2C_Mem_Read
                0x080029f8      0x348 CMakeFiles/Pioneer.elf.dir/Drivers/STM32F1xx_HAL_Driver/Src/stm32f1xx_hal_i2c.c.obj
                0x080029f8                HAL_I2C_Mem_Read
 .text.RCC_Delay
                0x08002d40       0x2c CMakeFiles/Pioneer.elf.dir/Drivers/STM32F1xx_HAL_Driver/Src/stm32f1xx_hal_rcc.c.obj
 .text.HAL_RCC_OscConfig
                0x08002d6c      0x410 CMakeFiles/Pioneer.elf.dir/Drivers/STM32F1xx_HAL_Driver/Src/stm32f1xx_hal_rcc.c.obj
                0x08002d6c                HAL_RCC_OscConfig
 .text.HAL_RCC_GetSysClockFreq
                0x0800317c       0x54 CMakeFiles/Pioneer.elf.dir/Drivers/STM32F1xx_HAL_Driver/Src/stm32f1xx_hal_rcc.c.obj
                0x0800317c                HAL_RCC_GetSysClockFreq
 .text.HAL_RCC_ClockConfig
                0x080031d0      0x16c CMakeFiles/Pioneer.elf.dir/Drivers/STM32F1xx_HAL_Driver/Src/stm32f1xx_hal_rcc.c.obj
                0x080031d0                HAL_RCC_ClockConfig
 .text.HAL_RCC_GetHCLKFreq
                0x0800333c        0xc CMakeFiles/Pioneer.elf.dir/Drivers/STM32F1xx_HAL_Driver/Src/stm32f1xx_hal_rcc.c.obj
                0x0800333c                HAL_RCC_GetHCLKFreq
 .text.HAL_RCC_GetPCLK1Freq
                0x08003348       0x20 CMakeFiles/Pioneer.elf.dir/Drivers/STM32F1xx_HAL_Driver/Src/stm32f1xx_hal_rcc.c.obj
                0x08003348                HAL_RCC_GetPCLK1Freq
 .text.HAL_RCC_GetPCLK2Freq
                0x08003368       0x20 CMakeFiles/Pioneer.elf.dir/Drivers/STM32F1xx_HAL_Driver/Src/stm32f1xx_hal_rcc.c.obj
                0x08003368                HAL_RCC_GetPCLK2Freq
 .text.TIM_TI1_ConfigInputStage
                0x08003388       0x24 CMakeFiles/Pioneer.elf.dir/Drivers/STM32F1xx_HAL_Driver/Src/stm32f1xx_hal_tim.c.obj
 .text.TIM_TI2_ConfigInputStage
                0x080033ac       0x26 CMakeFiles/Pioneer.elf.dir/Drivers/STM32F1xx_HAL_Driver/Src/stm32f1xx_hal_tim.c.obj
 .text.TIM_ITRx_SetConfig
                0x080033d2       0x10 CMakeFiles/Pioneer.elf.dir/Drivers/STM32F1xx_HAL_Driver/Src/stm32f1xx_hal_tim.c.obj
 *fill*         0x080033e2        0x2 
 .text.HAL_TIM_Base_Start_IT
                0x080033e4       0x78 CMakeFiles/Pioneer.elf.dir/Drivers/STM32F1xx_HAL_Driver/Src/stm32f1xx_hal_tim.c.obj
                0x080033e4                HAL_TIM_Base_Start_IT
 .text.HAL_TIM_PeriodElapsedCallback
                0x0800345c        0x2 CMakeFiles/Pioneer.elf.dir/Drivers/STM32F1xx_HAL_Driver/Src/stm32f1xx_hal_tim.c.obj
                0x0800345c                HAL_TIM_PeriodElapsedCallback
 .text.HAL_TIM_OC_DelayElapsedCallback
                0x0800345e        0x2 CMakeFiles/Pioneer.elf.dir/Drivers/STM32F1xx_HAL_Driver/Src/stm32f1xx_hal_tim.c.obj
                0x0800345e                HAL_TIM_OC_DelayElapsedCallback
 .text.HAL_TIM_IC_CaptureCallback
                0x08003460        0x2 CMakeFiles/Pioneer.elf.dir/Drivers/STM32F1xx_HAL_Driver/Src/stm32f1xx_hal_tim.c.obj
                0x08003460                HAL_TIM_IC_CaptureCallback
 .text.HAL_TIM_PWM_PulseFinishedCallback
                0x08003462        0x2 CMakeFiles/Pioneer.elf.dir/Drivers/STM32F1xx_HAL_Driver/Src/stm32f1xx_hal_tim.c.obj
                0x08003462                HAL_TIM_PWM_PulseFinishedCallback
 .text.HAL_TIM_TriggerCallback
                0x08003464        0x2 CMakeFiles/Pioneer.elf.dir/Drivers/STM32F1xx_HAL_Driver/Src/stm32f1xx_hal_tim.c.obj
                0x08003464                HAL_TIM_TriggerCallback
 .text.HAL_TIM_IRQHandler
                0x08003466      0x17a CMakeFiles/Pioneer.elf.dir/Drivers/STM32F1xx_HAL_Driver/Src/stm32f1xx_hal_tim.c.obj
                0x08003466                HAL_TIM_IRQHandler
 .text.TIM_Base_SetConfig
                0x080035e0       0x98 CMakeFiles/Pioneer.elf.dir/Drivers/STM32F1xx_HAL_Driver/Src/stm32f1xx_hal_tim.c.obj
                0x080035e0                TIM_Base_SetConfig
 .text.HAL_TIM_Base_Init
                0x08003678       0x58 CMakeFiles/Pioneer.elf.dir/Drivers/STM32F1xx_HAL_Driver/Src/stm32f1xx_hal_tim.c.obj
                0x08003678                HAL_TIM_Base_Init
 .text.HAL_TIM_Encoder_Init
                0x080036d0       0xb8 CMakeFiles/Pioneer.elf.dir/Drivers/STM32F1xx_HAL_Driver/Src/stm32f1xx_hal_tim.c.obj
                0x080036d0                HAL_TIM_Encoder_Init
 .text.TIM_ETR_SetConfig
                0x08003788       0x18 CMakeFiles/Pioneer.elf.dir/Drivers/STM32F1xx_HAL_Driver/Src/stm32f1xx_hal_tim.c.obj
                0x08003788                TIM_ETR_SetConfig
 .text.HAL_TIM_ConfigClockSource
                0x080037a0       0xfe CMakeFiles/Pioneer.elf.dir/Drivers/STM32F1xx_HAL_Driver/Src/stm32f1xx_hal_tim.c.obj
                0x080037a0                HAL_TIM_ConfigClockSource
 .text.TIM_CCxChannelCmd
                0x0800389e       0x1e CMakeFiles/Pioneer.elf.dir/Drivers/STM32F1xx_HAL_Driver/Src/stm32f1xx_hal_tim.c.obj
                0x0800389e                TIM_CCxChannelCmd
 .text.HAL_TIM_Encoder_Start
                0x080038bc       0xcc CMakeFiles/Pioneer.elf.dir/Drivers/STM32F1xx_HAL_Driver/Src/stm32f1xx_hal_tim.c.obj
                0x080038bc                HAL_TIM_Encoder_Start
 .text.HAL_TIMEx_MasterConfigSynchronization
                0x08003988       0x7c CMakeFiles/Pioneer.elf.dir/Drivers/STM32F1xx_HAL_Driver/Src/stm32f1xx_hal_tim_ex.c.obj
                0x08003988                HAL_TIMEx_MasterConfigSynchronization
 .text.HAL_TIMEx_CommutCallback
                0x08003a04        0x2 CMakeFiles/Pioneer.elf.dir/Drivers/STM32F1xx_HAL_Driver/Src/stm32f1xx_hal_tim_ex.c.obj
                0x08003a04                HAL_TIMEx_CommutCallback
 .text.HAL_TIMEx_BreakCallback
                0x08003a06        0x2 CMakeFiles/Pioneer.elf.dir/Drivers/STM32F1xx_HAL_Driver/Src/stm32f1xx_hal_tim_ex.c.obj
                0x08003a06                HAL_TIMEx_BreakCallback
 .text.UART_SetConfig
                0x08003a08       0x94 CMakeFiles/Pioneer.elf.dir/Drivers/STM32F1xx_HAL_Driver/Src/stm32f1xx_hal_uart.c.obj
 .text.HAL_UART_Init
                0x08003a9c       0x60 CMakeFiles/Pioneer.elf.dir/Drivers/STM32F1xx_HAL_Driver/Src/stm32f1xx_hal_uart.c.obj
                0x08003a9c                HAL_UART_Init
 .text.PS2_Cmd  0x08003afc       0x8c CMakeFiles/Pioneer.elf.dir/HARDWARE/PS2/pstwo.c.obj
                0x08003afc                PS2_Cmd
 .text.PS2_RedLight
                0x08003b88       0x3c CMakeFiles/Pioneer.elf.dir/HARDWARE/PS2/pstwo.c.obj
                0x08003b88                PS2_RedLight
 .text.PS2_ReadData
                0x08003bc4       0xc0 CMakeFiles/Pioneer.elf.dir/HARDWARE/PS2/pstwo.c.obj
                0x08003bc4                PS2_ReadData
 .text.PS2_AnologData
                0x08003c84        0xc CMakeFiles/Pioneer.elf.dir/HARDWARE/PS2/pstwo.c.obj
                0x08003c84                PS2_AnologData
 .text.PS2_ClearData
                0x08003c90       0x18 CMakeFiles/Pioneer.elf.dir/HARDWARE/PS2/pstwo.c.obj
                0x08003c90                PS2_ClearData
 .text.PS2_DataKey
                0x08003ca8       0x4c CMakeFiles/Pioneer.elf.dir/HARDWARE/PS2/pstwo.c.obj
                0x08003ca8                PS2_DataKey
 .text.PAL_PCA9685_IsSleep
                0x08003cf4       0x30 CMakeFiles/Pioneer.elf.dir/Lib/PCA9685.c.obj
                0x08003cf4                PAL_PCA9685_IsSleep
 .text.PAL_PCA9685_Sleep
                0x08003d24       0x62 CMakeFiles/Pioneer.elf.dir/Lib/PCA9685.c.obj
                0x08003d24                PAL_PCA9685_Sleep
 .text.PAL_PCA9685_SetOutput
                0x08003d86      0x178 CMakeFiles/Pioneer.elf.dir/Lib/PCA9685.c.obj
                0x08003d86                PAL_PCA9685_SetOutput
 .text.VelocityCurve
                0x08003efe        0x2 CMakeFiles/Pioneer.elf.dir/app/Car.c.obj
 .text.WheelRadVelocityLoop
                0x08003f00       0x3e CMakeFiles/Pioneer.elf.dir/app/Car.c.obj
 *fill*         0x08003f3e        0x2 
 .text.MotorOutSpeed
                0x08003f40       0x64 CMakeFiles/Pioneer.elf.dir/app/Car.c.obj
 .text.i2c_tx   0x08003fa4       0x2c CMakeFiles/Pioneer.elf.dir/app/Car.c.obj
 .text.i2c_rx   0x08003fd0       0x24 CMakeFiles/Pioneer.elf.dir/app/Car.c.obj
 .text.WheelInit
                0x08003ff4       0x4c CMakeFiles/Pioneer.elf.dir/app/Car.c.obj
 .text.EncoderUpdate
                0x08004040       0xbc CMakeFiles/Pioneer.elf.dir/app/Car.c.obj
 .text.WheelUpdate
                0x080040fc       0x18 CMakeFiles/Pioneer.elf.dir/app/Car.c.obj
 .text.CarInit  0x08004114       0x94 CMakeFiles/Pioneer.elf.dir/app/Car.c.obj
                0x08004114                CarInit
 .text.WheelSetRadVelocity
                0x080041a8        0x6 CMakeFiles/Pioneer.elf.dir/app/Car.c.obj
                0x080041a8                WheelSetRadVelocity
 .text.CarUpdate
                0x080041ae       0x24 CMakeFiles/Pioneer.elf.dir/app/Car.c.obj
                0x080041ae                CarUpdate
 *fill*         0x080041d2        0x2 
 .text.CarMoveInt
                0x080041d4       0x80 CMakeFiles/Pioneer.elf.dir/app/Car.c.obj
                0x080041d4                CarMoveInt
 .text.__libc_init_array
                0x08004254       0x48 d:/armtoolchainsecond/10 2021.10/bin/../lib/gcc/arm-none-eabi/10.3.1/../../../../arm-none-eabi/lib/thumb/v7-m/nofp\libg.a(lib_a-init.o)
                0x08004254                __libc_init_array
 .text.memset   0x0800429c       0xa4 d:/armtoolchainsecond/10 2021.10/bin/../lib/gcc/arm-none-eabi/10.3.1/../../../../arm-none-eabi/lib/thumb/v7-m/nofp\libg.a(lib_a-memset.o)
                0x0800429c                memset
 .text.startup.register_fini
                0x08004340       0x14 d:/armtoolchainsecond/10 2021.10/bin/../lib/gcc/arm-none-eabi/10.3.1/../../../../arm-none-eabi/lib/thumb/v7-m/nofp\libg.a(lib_a-__call_atexit.o)
 .text.atexit   0x08004354        0xc d:/armtoolchainsecond/10 2021.10/bin/../lib/gcc/arm-none-eabi/10.3.1/../../../../arm-none-eabi/lib/thumb/v7-m/nofp\libg.a(lib_a-atexit.o)
                0x08004354                atexit
 .text.__libc_fini_array
                0x08004360       0x2c d:/armtoolchainsecond/10 2021.10/bin/../lib/gcc/arm-none-eabi/10.3.1/../../../../arm-none-eabi/lib/thumb/v7-m/nofp\libg.a(lib_a-fini.o)
                0x08004360                __libc_fini_array
 .text.__retarget_lock_acquire_recursive
                0x0800438c        0x4 d:/armtoolchainsecond/10 2021.10/bin/../lib/gcc/arm-none-eabi/10.3.1/../../../../arm-none-eabi/lib/thumb/v7-m/nofp\libg.a(lib_a-lock.o)
                0x0800438c                __retarget_lock_acquire_recursive
 .text.__retarget_lock_release_recursive
                0x08004390        0x4 d:/armtoolchainsecond/10 2021.10/bin/../lib/gcc/arm-none-eabi/10.3.1/../../../../arm-none-eabi/lib/thumb/v7-m/nofp\libg.a(lib_a-lock.o)
                0x08004390                __retarget_lock_release_recursive
 .text.__register_exitproc
                0x08004394       0x8c d:/armtoolchainsecond/10 2021.10/bin/../lib/gcc/arm-none-eabi/10.3.1/../../../../arm-none-eabi/lib/thumb/v7-m/nofp\libg.a(lib_a-__atexit.o)
                0x08004394                __register_exitproc
 *(.glue_7)
 .glue_7        0x08004420        0x0 linker stubs
 *(.glue_7t)
 .glue_7t       0x08004420        0x0 linker stubs
 *(.eh_frame)
 .eh_frame      0x08004420        0x0 d:/armtoolchainsecond/10 2021.10/bin/../lib/gcc/arm-none-eabi/10.3.1/thumb/v7-m/nofp/crtbegin.o
 *(.init)
 .init          0x08004420        0x4 d:/armtoolchainsecond/10 2021.10/bin/../lib/gcc/arm-none-eabi/10.3.1/thumb/v7-m/nofp/crti.o
                0x08004420                _init
 .init          0x08004424        0x8 d:/armtoolchainsecond/10 2021.10/bin/../lib/gcc/arm-none-eabi/10.3.1/thumb/v7-m/nofp/crtn.o
 *(.fini)
 .fini          0x0800442c        0x4 d:/armtoolchainsecond/10 2021.10/bin/../lib/gcc/arm-none-eabi/10.3.1/thumb/v7-m/nofp/crti.o
                0x0800442c                _fini
 .fini          0x08004430        0x8 d:/armtoolchainsecond/10 2021.10/bin/../lib/gcc/arm-none-eabi/10.3.1/thumb/v7-m/nofp/crtn.o
                0x08004438                . = ALIGN (0x4)
                0x08004438                _etext = .

.vfp11_veneer   0x08004438        0x0
 .vfp11_veneer  0x08004438        0x0 linker stubs

.v4_bx          0x08004438        0x0
 .v4_bx         0x08004438        0x0 linker stubs

.iplt           0x08004438        0x0
 .iplt          0x08004438        0x0 d:/armtoolchainsecond/10 2021.10/bin/../lib/gcc/arm-none-eabi/10.3.1/thumb/v7-m/nofp/crtbegin.o

.rodata         0x08004438       0x30
                0x08004438                . = ALIGN (0x4)
 *(.rodata)
 *(.rodata*)
 .rodata.AHBPrescTable
                0x08004438       0x10 CMakeFiles/Pioneer.elf.dir/Core/Src/system_stm32f1xx.c.obj
                0x08004438                AHBPrescTable
 .rodata.APBPrescTable
                0x08004448        0x8 CMakeFiles/Pioneer.elf.dir/Core/Src/system_stm32f1xx.c.obj
                0x08004448                APBPrescTable
 .rodata.aPLLMULFactorTable.1
                0x08004450       0x10 CMakeFiles/Pioneer.elf.dir/Drivers/STM32F1xx_HAL_Driver/Src/stm32f1xx_hal_rcc.c.obj
 .rodata.aPredivFactorTable.0
                0x08004460        0x2 CMakeFiles/Pioneer.elf.dir/Drivers/STM32F1xx_HAL_Driver/Src/stm32f1xx_hal_rcc.c.obj
 *fill*         0x08004462        0x2 
 .rodata._global_impure_ptr
                0x08004464        0x4 d:/armtoolchainsecond/10 2021.10/bin/../lib/gcc/arm-none-eabi/10.3.1/../../../../arm-none-eabi/lib/thumb/v7-m/nofp\libg.a(lib_a-impure.o)
                0x08004464                _global_impure_ptr
                0x08004468                . = ALIGN (0x4)

.rel.dyn        0x08004468        0x0
 .rel.iplt      0x08004468        0x0 d:/armtoolchainsecond/10 2021.10/bin/../lib/gcc/arm-none-eabi/10.3.1/thumb/v7-m/nofp/crtbegin.o

.ARM.extab      0x08004468        0x0
                0x08004468                . = ALIGN (0x4)
 *(.ARM.extab* .gnu.linkonce.armextab.*)
                0x08004468                . = ALIGN (0x4)

.ARM            0x08004468        0x0
                0x08004468                . = ALIGN (0x4)
                0x08004468                __exidx_start = .
 *(.ARM.exidx*)
                0x08004468                __exidx_end = .
                0x08004468                . = ALIGN (0x4)

.preinit_array  0x08004468        0x0
                0x08004468                . = ALIGN (0x4)
                0x08004468                PROVIDE (__preinit_array_start = .)
 *(.preinit_array*)
                0x08004468                PROVIDE (__preinit_array_end = .)
                0x08004468                . = ALIGN (0x4)

.init_array     0x08004468        0x8
                0x08004468                . = ALIGN (0x4)
                0x08004468                PROVIDE (__init_array_start = .)
 *(SORT_BY_NAME(.init_array.*))
 .init_array.00000
                0x08004468        0x4 d:/armtoolchainsecond/10 2021.10/bin/../lib/gcc/arm-none-eabi/10.3.1/../../../../arm-none-eabi/lib/thumb/v7-m/nofp\libg.a(lib_a-__call_atexit.o)
 *(.init_array*)
 .init_array    0x0800446c        0x4 d:/armtoolchainsecond/10 2021.10/bin/../lib/gcc/arm-none-eabi/10.3.1/thumb/v7-m/nofp/crtbegin.o
                0x08004470                PROVIDE (__init_array_end = .)
                0x08004470                . = ALIGN (0x4)

.fini_array     0x08004470        0x4
                0x08004470                . = ALIGN (0x4)
                0x08004470                PROVIDE (__fini_array_start = .)
 *(SORT_BY_NAME(.fini_array.*))
 *(.fini_array*)
 .fini_array    0x08004470        0x4 d:/armtoolchainsecond/10 2021.10/bin/../lib/gcc/arm-none-eabi/10.3.1/thumb/v7-m/nofp/crtbegin.o
                0x08004474                PROVIDE (__fini_array_end = .)
                0x08004474                . = ALIGN (0x4)
                0x08004474                _sidata = LOADADDR (.data)

.data           0x20000000      0x464 load address 0x08004474
                0x20000000                . = ALIGN (0x4)
                0x20000000                _sdata = .
 *(.data)
 *(.data*)
 .data.key      0x20000000        0x1 CMakeFiles/Pioneer.elf.dir/Core/Src/main.c.obj
                0x20000000                key
 *fill*         0x20000001        0x3 
 .data.SystemCoreClock
                0x20000004        0x4 CMakeFiles/Pioneer.elf.dir/Core/Src/system_stm32f1xx.c.obj
                0x20000004                SystemCoreClock
 .data.uwTickFreq
                0x20000008        0x1 CMakeFiles/Pioneer.elf.dir/Drivers/STM32F1xx_HAL_Driver/Src/stm32f1xx_hal.c.obj
                0x20000008                uwTickFreq
 *fill*         0x20000009        0x3 
 .data.uwTickPrio
                0x2000000c        0x4 CMakeFiles/Pioneer.elf.dir/Drivers/STM32F1xx_HAL_Driver/Src/stm32f1xx_hal.c.obj
                0x2000000c                uwTickPrio
 .data.Comd     0x20000010        0x2 CMakeFiles/Pioneer.elf.dir/HARDWARE/PS2/pstwo.c.obj
                0x20000010                Comd
 *fill*         0x20000012        0x2 
 .data.MASK     0x20000014       0x20 CMakeFiles/Pioneer.elf.dir/HARDWARE/PS2/pstwo.c.obj
                0x20000014                MASK
 *fill*         0x20000034        0x4 
 .data.impure_data
                0x20000038      0x428 d:/armtoolchainsecond/10 2021.10/bin/../lib/gcc/arm-none-eabi/10.3.1/../../../../arm-none-eabi/lib/thumb/v7-m/nofp\libg.a(lib_a-impure.o)
 .data.__atexit_recursive_mutex
                0x20000460        0x4 d:/armtoolchainsecond/10 2021.10/bin/../lib/gcc/arm-none-eabi/10.3.1/../../../../arm-none-eabi/lib/thumb/v7-m/nofp\libg.a(lib_a-__call_atexit.o)
                0x20000460                __atexit_recursive_mutex
 *(.RamFunc)
 *(.RamFunc*)
                0x20000464                . = ALIGN (0x4)
                0x20000464                _edata = .

.igot.plt       0x20000464        0x0 load address 0x080048d8
 .igot.plt      0x20000464        0x0 d:/armtoolchainsecond/10 2021.10/bin/../lib/gcc/arm-none-eabi/10.3.1/thumb/v7-m/nofp/crtbegin.o
                0x20000464                . = ALIGN (0x4)

.bss            0x20000464      0x38c load address 0x080048d8
                0x20000464                _sbss = .
                0x20000464                __bss_start__ = _sbss
 *(.bss)
 .bss           0x20000464       0x1c d:/armtoolchainsecond/10 2021.10/bin/../lib/gcc/arm-none-eabi/10.3.1/thumb/v7-m/nofp/crtbegin.o
 *(.bss*)
 .bss.hcan      0x20000480       0x28 CMakeFiles/Pioneer.elf.dir/Core/Src/can.c.obj
                0x20000480                hcan
 .bss.hi2c2     0x200004a8       0x54 CMakeFiles/Pioneer.elf.dir/Core/Src/i2c.c.obj
                0x200004a8                hi2c2
 .bss.PioneerCar
                0x200004fc       0xd8 CMakeFiles/Pioneer.elf.dir/Core/Src/main.c.obj
                0x200004fc                PioneerCar
 .bss.htim1     0x200005d4       0x48 CMakeFiles/Pioneer.elf.dir/Core/Src/tim.c.obj
                0x200005d4                htim1
 .bss.htim2     0x2000061c       0x48 CMakeFiles/Pioneer.elf.dir/Core/Src/tim.c.obj
                0x2000061c                htim2
 .bss.htim3     0x20000664       0x48 CMakeFiles/Pioneer.elf.dir/Core/Src/tim.c.obj
                0x20000664                htim3
 .bss.htim4     0x200006ac       0x48 CMakeFiles/Pioneer.elf.dir/Core/Src/tim.c.obj
                0x200006ac                htim4
 .bss.htim5     0x200006f4       0x48 CMakeFiles/Pioneer.elf.dir/Core/Src/tim.c.obj
                0x200006f4                htim5
 .bss.huart1    0x2000073c       0x48 CMakeFiles/Pioneer.elf.dir/Core/Src/usart.c.obj
                0x2000073c                huart1
 .bss.huart2    0x20000784       0x48 CMakeFiles/Pioneer.elf.dir/Core/Src/usart.c.obj
                0x20000784                huart2
 .bss.uwTick    0x200007cc        0x4 CMakeFiles/Pioneer.elf.dir/Drivers/STM32F1xx_HAL_Driver/Src/stm32f1xx_hal.c.obj
                0x200007cc                uwTick
 .bss.Data      0x200007d0        0x9 CMakeFiles/Pioneer.elf.dir/HARDWARE/PS2/pstwo.c.obj
                0x200007d0                Data
 *fill*         0x200007d9        0x1 
 .bss.Handkey   0x200007da        0x2 CMakeFiles/Pioneer.elf.dir/HARDWARE/PS2/pstwo.c.obj
                0x200007da                Handkey
 .bss.PCA9685   0x200007dc       0x10 CMakeFiles/Pioneer.elf.dir/app/Car.c.obj
                0x200007dc                PCA9685
 .bss.__lock___atexit_recursive_mutex
                0x200007ec        0x1 d:/armtoolchainsecond/10 2021.10/bin/../lib/gcc/arm-none-eabi/10.3.1/../../../../arm-none-eabi/lib/thumb/v7-m/nofp\libg.a(lib_a-lock.o)
                0x200007ec                __lock___atexit_recursive_mutex
 *(COMMON)
                0x200007f0                . = ALIGN (0x4)
 *fill*         0x200007ed        0x3 
                0x200007f0                _ebss = .
                0x200007f0                __bss_end__ = _ebss

._user_heap_stack
                0x200007f0     0x1100 load address 0x080048d8
                0x200007f0                . = ALIGN (0x8)
                [!provide]                PROVIDE (end = .)
                0x200007f0                PROVIDE (_end = .)
                0x200009f0                . = (. + _Min_Heap_Size)
 *fill*         0x200007f0      0x200 
                0x200018f0                . = (. + _Min_Stack_Size)
 *fill*         0x200009f0      0xf00 
                0x200018f0                . = ALIGN (0x8)

/DISCARD/
 libc.a(*)
 libm.a(*)
 libgcc.a(*)

.ARM.attributes
                0x00000000       0x29
 *(.ARM.attributes)
 .ARM.attributes
                0x00000000       0x1d d:/armtoolchainsecond/10 2021.10/bin/../lib/gcc/arm-none-eabi/10.3.1/thumb/v7-m/nofp/crti.o
 .ARM.attributes
                0x0000001d       0x2d d:/armtoolchainsecond/10 2021.10/bin/../lib/gcc/arm-none-eabi/10.3.1/thumb/v7-m/nofp/crtbegin.o
 .ARM.attributes
                0x0000004a       0x2d CMakeFiles/Pioneer.elf.dir/Core/Src/can.c.obj
 .ARM.attributes
                0x00000077       0x2d CMakeFiles/Pioneer.elf.dir/Core/Src/delay.c.obj
 .ARM.attributes
                0x000000a4       0x2d CMakeFiles/Pioneer.elf.dir/Core/Src/gpio.c.obj
 .ARM.attributes
                0x000000d1       0x2d CMakeFiles/Pioneer.elf.dir/Core/Src/i2c.c.obj
 .ARM.attributes
                0x000000fe       0x2d CMakeFiles/Pioneer.elf.dir/Core/Src/main.c.obj
 .ARM.attributes
                0x0000012b       0x2d CMakeFiles/Pioneer.elf.dir/Core/Src/stm32f1xx_hal_msp.c.obj
 .ARM.attributes
                0x00000158       0x2d CMakeFiles/Pioneer.elf.dir/Core/Src/stm32f1xx_it.c.obj
 .ARM.attributes
                0x00000185       0x2d CMakeFiles/Pioneer.elf.dir/Core/Src/system_stm32f1xx.c.obj
 .ARM.attributes
                0x000001b2       0x2d CMakeFiles/Pioneer.elf.dir/Core/Src/tim.c.obj
 .ARM.attributes
                0x000001df       0x2d CMakeFiles/Pioneer.elf.dir/Core/Src/usart.c.obj
 .ARM.attributes
                0x0000020c       0x21 CMakeFiles/Pioneer.elf.dir/Core/Startup/startup_stm32f103rctx.s.obj
 .ARM.attributes
                0x0000022d       0x2d CMakeFiles/Pioneer.elf.dir/Drivers/STM32F1xx_HAL_Driver/Src/stm32f1xx_hal.c.obj
 .ARM.attributes
                0x0000025a       0x2d CMakeFiles/Pioneer.elf.dir/Drivers/STM32F1xx_HAL_Driver/Src/stm32f1xx_hal_can.c.obj
 .ARM.attributes
                0x00000287       0x2d CMakeFiles/Pioneer.elf.dir/Drivers/STM32F1xx_HAL_Driver/Src/stm32f1xx_hal_cortex.c.obj
 .ARM.attributes
                0x000002b4       0x2d CMakeFiles/Pioneer.elf.dir/Drivers/STM32F1xx_HAL_Driver/Src/stm32f1xx_hal_gpio.c.obj
 .ARM.attributes
                0x000002e1       0x2d CMakeFiles/Pioneer.elf.dir/Drivers/STM32F1xx_HAL_Driver/Src/stm32f1xx_hal_i2c.c.obj
 .ARM.attributes
                0x0000030e       0x2d CMakeFiles/Pioneer.elf.dir/Drivers/STM32F1xx_HAL_Driver/Src/stm32f1xx_hal_rcc.c.obj
 .ARM.attributes
                0x0000033b       0x2d CMakeFiles/Pioneer.elf.dir/Drivers/STM32F1xx_HAL_Driver/Src/stm32f1xx_hal_tim.c.obj
 .ARM.attributes
                0x00000368       0x2d CMakeFiles/Pioneer.elf.dir/Drivers/STM32F1xx_HAL_Driver/Src/stm32f1xx_hal_tim_ex.c.obj
 .ARM.attributes
                0x00000395       0x2d CMakeFiles/Pioneer.elf.dir/Drivers/STM32F1xx_HAL_Driver/Src/stm32f1xx_hal_uart.c.obj
 .ARM.attributes
                0x000003c2       0x2d CMakeFiles/Pioneer.elf.dir/HARDWARE/PS2/pstwo.c.obj
 .ARM.attributes
                0x000003ef       0x2d CMakeFiles/Pioneer.elf.dir/Lib/PCA9685.c.obj
 .ARM.attributes
                0x0000041c       0x2d CMakeFiles/Pioneer.elf.dir/app/Car.c.obj
 .ARM.attributes
                0x00000449       0x1d d:/armtoolchainsecond/10 2021.10/bin/../lib/gcc/arm-none-eabi/10.3.1/thumb/v7-m/nofp\libgcc.a(_arm_addsubdf3.o)
 .ARM.attributes
                0x00000466       0x1d d:/armtoolchainsecond/10 2021.10/bin/../lib/gcc/arm-none-eabi/10.3.1/thumb/v7-m/nofp\libgcc.a(_arm_muldivdf3.o)
 .ARM.attributes
                0x00000483       0x1d d:/armtoolchainsecond/10 2021.10/bin/../lib/gcc/arm-none-eabi/10.3.1/thumb/v7-m/nofp\libgcc.a(_arm_truncdfsf2.o)
 .ARM.attributes
                0x000004a0       0x1d d:/armtoolchainsecond/10 2021.10/bin/../lib/gcc/arm-none-eabi/10.3.1/thumb/v7-m/nofp\libgcc.a(_arm_addsubsf3.o)
 .ARM.attributes
                0x000004bd       0x1d d:/armtoolchainsecond/10 2021.10/bin/../lib/gcc/arm-none-eabi/10.3.1/thumb/v7-m/nofp\libgcc.a(_arm_muldivsf3.o)
 .ARM.attributes
                0x000004da       0x1d d:/armtoolchainsecond/10 2021.10/bin/../lib/gcc/arm-none-eabi/10.3.1/thumb/v7-m/nofp\libgcc.a(_arm_cmpsf2.o)
 .ARM.attributes
                0x000004f7       0x1d d:/armtoolchainsecond/10 2021.10/bin/../lib/gcc/arm-none-eabi/10.3.1/thumb/v7-m/nofp\libgcc.a(_arm_fixunssfsi.o)
 .ARM.attributes
                0x00000514       0x2d d:/armtoolchainsecond/10 2021.10/bin/../lib/gcc/arm-none-eabi/10.3.1/../../../../arm-none-eabi/lib/thumb/v7-m/nofp\libg.a(lib_a-impure.o)
 .ARM.attributes
                0x00000541       0x2d d:/armtoolchainsecond/10 2021.10/bin/../lib/gcc/arm-none-eabi/10.3.1/../../../../arm-none-eabi/lib/thumb/v7-m/nofp\libg.a(lib_a-init.o)
 .ARM.attributes
                0x0000056e       0x2d d:/armtoolchainsecond/10 2021.10/bin/../lib/gcc/arm-none-eabi/10.3.1/../../../../arm-none-eabi/lib/thumb/v7-m/nofp\libg.a(lib_a-memset.o)
 .ARM.attributes
                0x0000059b       0x2d d:/armtoolchainsecond/10 2021.10/bin/../lib/gcc/arm-none-eabi/10.3.1/../../../../arm-none-eabi/lib/thumb/v7-m/nofp\libg.a(lib_a-__call_atexit.o)
 .ARM.attributes
                0x000005c8       0x2d d:/armtoolchainsecond/10 2021.10/bin/../lib/gcc/arm-none-eabi/10.3.1/../../../../arm-none-eabi/lib/thumb/v7-m/nofp\libg.a(lib_a-atexit.o)
 .ARM.attributes
                0x000005f5       0x2d d:/armtoolchainsecond/10 2021.10/bin/../lib/gcc/arm-none-eabi/10.3.1/../../../../arm-none-eabi/lib/thumb/v7-m/nofp\libg.a(lib_a-fini.o)
 .ARM.attributes
                0x00000622       0x2d d:/armtoolchainsecond/10 2021.10/bin/../lib/gcc/arm-none-eabi/10.3.1/../../../../arm-none-eabi/lib/thumb/v7-m/nofp\libg.a(lib_a-lock.o)
 .ARM.attributes
                0x0000064f       0x2d d:/armtoolchainsecond/10 2021.10/bin/../lib/gcc/arm-none-eabi/10.3.1/../../../../arm-none-eabi/lib/thumb/v7-m/nofp\libg.a(lib_a-__atexit.o)
 .ARM.attributes
                0x0000067c       0x1d d:/armtoolchainsecond/10 2021.10/bin/../lib/gcc/arm-none-eabi/10.3.1/thumb/v7-m/nofp/crtn.o
OUTPUT(Pioneer.elf elf32-littlearm)
LOAD linker stubs
LOAD d:/armtoolchainsecond/10 2021.10/bin/../lib/gcc/arm-none-eabi/10.3.1/../../../../arm-none-eabi/lib/thumb/v7-m/nofp\libc.a
LOAD d:/armtoolchainsecond/10 2021.10/bin/../lib/gcc/arm-none-eabi/10.3.1/../../../../arm-none-eabi/lib/thumb/v7-m/nofp\libm.a
LOAD d:/armtoolchainsecond/10 2021.10/bin/../lib/gcc/arm-none-eabi/10.3.1/thumb/v7-m/nofp\libgcc.a

.debug_info     0x00000000    0x188a6
 .debug_info    0x00000000      0x954 CMakeFiles/Pioneer.elf.dir/Core/Src/can.c.obj
 .debug_info    0x00000954      0x24e CMakeFiles/Pioneer.elf.dir/Core/Src/delay.c.obj
 .debug_info    0x00000ba2      0x670 CMakeFiles/Pioneer.elf.dir/Core/Src/gpio.c.obj
 .debug_info    0x00001212      0x8a6 CMakeFiles/Pioneer.elf.dir/Core/Src/i2c.c.obj
 .debug_info    0x00001ab8      0xcbf CMakeFiles/Pioneer.elf.dir/Core/Src/main.c.obj
 .debug_info    0x00002777      0x211 CMakeFiles/Pioneer.elf.dir/Core/Src/stm32f1xx_hal_msp.c.obj
 .debug_info    0x00002988      0x849 CMakeFiles/Pioneer.elf.dir/Core/Src/stm32f1xx_it.c.obj
 .debug_info    0x000031d1      0x248 CMakeFiles/Pioneer.elf.dir/Core/Src/system_stm32f1xx.c.obj
 .debug_info    0x00003419     0x137c CMakeFiles/Pioneer.elf.dir/Core/Src/tim.c.obj
 .debug_info    0x00004795      0x930 CMakeFiles/Pioneer.elf.dir/Core/Src/usart.c.obj
 .debug_info    0x000050c5       0x22 CMakeFiles/Pioneer.elf.dir/Core/Startup/startup_stm32f103rctx.s.obj
 .debug_info    0x000050e7      0x80e CMakeFiles/Pioneer.elf.dir/Drivers/STM32F1xx_HAL_Driver/Src/stm32f1xx_hal.c.obj
 .debug_info    0x000058f5     0x129d CMakeFiles/Pioneer.elf.dir/Drivers/STM32F1xx_HAL_Driver/Src/stm32f1xx_hal_can.c.obj
 .debug_info    0x00006b92      0xdf0 CMakeFiles/Pioneer.elf.dir/Drivers/STM32F1xx_HAL_Driver/Src/stm32f1xx_hal_cortex.c.obj
 .debug_info    0x00007982      0x66f CMakeFiles/Pioneer.elf.dir/Drivers/STM32F1xx_HAL_Driver/Src/stm32f1xx_hal_gpio.c.obj
 .debug_info    0x00007ff1     0x3ab6 CMakeFiles/Pioneer.elf.dir/Drivers/STM32F1xx_HAL_Driver/Src/stm32f1xx_hal_i2c.c.obj
 .debug_info    0x0000baa7      0xa3b CMakeFiles/Pioneer.elf.dir/Drivers/STM32F1xx_HAL_Driver/Src/stm32f1xx_hal_rcc.c.obj
 .debug_info    0x0000c4e2     0x3d52 CMakeFiles/Pioneer.elf.dir/Drivers/STM32F1xx_HAL_Driver/Src/stm32f1xx_hal_tim.c.obj
 .debug_info    0x00010234     0x1abb CMakeFiles/Pioneer.elf.dir/Drivers/STM32F1xx_HAL_Driver/Src/stm32f1xx_hal_tim_ex.c.obj
 .debug_info    0x00011cef     0x4212 CMakeFiles/Pioneer.elf.dir/Drivers/STM32F1xx_HAL_Driver/Src/stm32f1xx_hal_uart.c.obj
 .debug_info    0x00015f01      0x8d6 CMakeFiles/Pioneer.elf.dir/HARDWARE/PS2/pstwo.c.obj
 .debug_info    0x000167d7      0xb28 CMakeFiles/Pioneer.elf.dir/Lib/PCA9685.c.obj
 .debug_info    0x000172ff     0x15a7 CMakeFiles/Pioneer.elf.dir/app/Car.c.obj

.debug_abbrev   0x00000000     0x2d10
 .debug_abbrev  0x00000000      0x201 CMakeFiles/Pioneer.elf.dir/Core/Src/can.c.obj
 .debug_abbrev  0x00000201      0x118 CMakeFiles/Pioneer.elf.dir/Core/Src/delay.c.obj
 .debug_abbrev  0x00000319      0x158 CMakeFiles/Pioneer.elf.dir/Core/Src/gpio.c.obj
 .debug_abbrev  0x00000471      0x1c1 CMakeFiles/Pioneer.elf.dir/Core/Src/i2c.c.obj
 .debug_abbrev  0x00000632      0x248 CMakeFiles/Pioneer.elf.dir/Core/Src/main.c.obj
 .debug_abbrev  0x0000087a       0xe5 CMakeFiles/Pioneer.elf.dir/Core/Src/stm32f1xx_hal_msp.c.obj
 .debug_abbrev  0x0000095f      0x1bf CMakeFiles/Pioneer.elf.dir/Core/Src/stm32f1xx_it.c.obj
 .debug_abbrev  0x00000b1e      0x13e CMakeFiles/Pioneer.elf.dir/Core/Src/system_stm32f1xx.c.obj
 .debug_abbrev  0x00000c5c      0x255 CMakeFiles/Pioneer.elf.dir/Core/Src/tim.c.obj
 .debug_abbrev  0x00000eb1      0x1c8 CMakeFiles/Pioneer.elf.dir/Core/Src/usart.c.obj
 .debug_abbrev  0x00001079       0x12 CMakeFiles/Pioneer.elf.dir/Core/Startup/startup_stm32f103rctx.s.obj
 .debug_abbrev  0x0000108b      0x1f4 CMakeFiles/Pioneer.elf.dir/Drivers/STM32F1xx_HAL_Driver/Src/stm32f1xx_hal.c.obj
 .debug_abbrev  0x0000127f      0x27d CMakeFiles/Pioneer.elf.dir/Drivers/STM32F1xx_HAL_Driver/Src/stm32f1xx_hal_can.c.obj
 .debug_abbrev  0x000014fc      0x341 CMakeFiles/Pioneer.elf.dir/Drivers/STM32F1xx_HAL_Driver/Src/stm32f1xx_hal_cortex.c.obj
 .debug_abbrev  0x0000183d      0x1e6 CMakeFiles/Pioneer.elf.dir/Drivers/STM32F1xx_HAL_Driver/Src/stm32f1xx_hal_gpio.c.obj
 .debug_abbrev  0x00001a23      0x293 CMakeFiles/Pioneer.elf.dir/Drivers/STM32F1xx_HAL_Driver/Src/stm32f1xx_hal_i2c.c.obj
 .debug_abbrev  0x00001cb6      0x27a CMakeFiles/Pioneer.elf.dir/Drivers/STM32F1xx_HAL_Driver/Src/stm32f1xx_hal_rcc.c.obj
 .debug_abbrev  0x00001f30      0x245 CMakeFiles/Pioneer.elf.dir/Drivers/STM32F1xx_HAL_Driver/Src/stm32f1xx_hal_tim.c.obj
 .debug_abbrev  0x00002175      0x248 CMakeFiles/Pioneer.elf.dir/Drivers/STM32F1xx_HAL_Driver/Src/stm32f1xx_hal_tim_ex.c.obj
 .debug_abbrev  0x000023bd      0x2dd CMakeFiles/Pioneer.elf.dir/Drivers/STM32F1xx_HAL_Driver/Src/stm32f1xx_hal_uart.c.obj
 .debug_abbrev  0x0000269a      0x2a0 CMakeFiles/Pioneer.elf.dir/HARDWARE/PS2/pstwo.c.obj
 .debug_abbrev  0x0000293a      0x17d CMakeFiles/Pioneer.elf.dir/Lib/PCA9685.c.obj
 .debug_abbrev  0x00002ab7      0x259 CMakeFiles/Pioneer.elf.dir/app/Car.c.obj

.debug_loc      0x00000000    0x12e13
 .debug_loc     0x00000000       0xfc CMakeFiles/Pioneer.elf.dir/Core/Src/can.c.obj
 .debug_loc     0x000000fc      0x124 CMakeFiles/Pioneer.elf.dir/Core/Src/delay.c.obj
 .debug_loc     0x00000220       0x67 CMakeFiles/Pioneer.elf.dir/Core/Src/i2c.c.obj
 .debug_loc     0x00000287       0x47 CMakeFiles/Pioneer.elf.dir/Core/Src/main.c.obj
 .debug_loc     0x000002ce       0x15 CMakeFiles/Pioneer.elf.dir/Core/Src/stm32f1xx_hal_msp.c.obj
 .debug_loc     0x000002e3       0xff CMakeFiles/Pioneer.elf.dir/Core/Src/system_stm32f1xx.c.obj
 .debug_loc     0x000003e2      0x1ce CMakeFiles/Pioneer.elf.dir/Core/Src/tim.c.obj
 .debug_loc     0x000005b0       0xbe CMakeFiles/Pioneer.elf.dir/Core/Src/usart.c.obj
 .debug_loc     0x0000066e      0x141 CMakeFiles/Pioneer.elf.dir/Drivers/STM32F1xx_HAL_Driver/Src/stm32f1xx_hal.c.obj
 .debug_loc     0x000007af      0xd7c CMakeFiles/Pioneer.elf.dir/Drivers/STM32F1xx_HAL_Driver/Src/stm32f1xx_hal_can.c.obj
 .debug_loc     0x0000152b      0x71f CMakeFiles/Pioneer.elf.dir/Drivers/STM32F1xx_HAL_Driver/Src/stm32f1xx_hal_cortex.c.obj
 .debug_loc     0x00001c4a      0x47d CMakeFiles/Pioneer.elf.dir/Drivers/STM32F1xx_HAL_Driver/Src/stm32f1xx_hal_gpio.c.obj
 .debug_loc     0x000020c7     0x41ca CMakeFiles/Pioneer.elf.dir/Drivers/STM32F1xx_HAL_Driver/Src/stm32f1xx_hal_i2c.c.obj
 .debug_loc     0x00006291      0x618 CMakeFiles/Pioneer.elf.dir/Drivers/STM32F1xx_HAL_Driver/Src/stm32f1xx_hal_rcc.c.obj
 .debug_loc     0x000068a9     0x5084 CMakeFiles/Pioneer.elf.dir/Drivers/STM32F1xx_HAL_Driver/Src/stm32f1xx_hal_tim.c.obj
 .debug_loc     0x0000b92d     0x1cad CMakeFiles/Pioneer.elf.dir/Drivers/STM32F1xx_HAL_Driver/Src/stm32f1xx_hal_tim_ex.c.obj
 .debug_loc     0x0000d5da     0x487b CMakeFiles/Pioneer.elf.dir/Drivers/STM32F1xx_HAL_Driver/Src/stm32f1xx_hal_uart.c.obj
 .debug_loc     0x00011e55       0xf4 CMakeFiles/Pioneer.elf.dir/HARDWARE/PS2/pstwo.c.obj
 .debug_loc     0x00011f49      0x98b CMakeFiles/Pioneer.elf.dir/Lib/PCA9685.c.obj
 .debug_loc     0x000128d4      0x53f CMakeFiles/Pioneer.elf.dir/app/Car.c.obj

.debug_aranges  0x00000000     0x1130
 .debug_aranges
                0x00000000       0x30 CMakeFiles/Pioneer.elf.dir/Core/Src/can.c.obj
 .debug_aranges
                0x00000030       0x30 CMakeFiles/Pioneer.elf.dir/Core/Src/delay.c.obj
 .debug_aranges
                0x00000060       0x20 CMakeFiles/Pioneer.elf.dir/Core/Src/gpio.c.obj
 .debug_aranges
                0x00000080       0x30 CMakeFiles/Pioneer.elf.dir/Core/Src/i2c.c.obj
 .debug_aranges
                0x000000b0       0x30 CMakeFiles/Pioneer.elf.dir/Core/Src/main.c.obj
 .debug_aranges
                0x000000e0       0x20 CMakeFiles/Pioneer.elf.dir/Core/Src/stm32f1xx_hal_msp.c.obj
 .debug_aranges
                0x00000100       0xa0 CMakeFiles/Pioneer.elf.dir/Core/Src/stm32f1xx_it.c.obj
 .debug_aranges
                0x000001a0       0x28 CMakeFiles/Pioneer.elf.dir/Core/Src/system_stm32f1xx.c.obj
 .debug_aranges
                0x000001c8       0x60 CMakeFiles/Pioneer.elf.dir/Core/Src/tim.c.obj
 .debug_aranges
                0x00000228       0x38 CMakeFiles/Pioneer.elf.dir/Core/Src/usart.c.obj
 .debug_aranges
                0x00000260       0x28 CMakeFiles/Pioneer.elf.dir/Core/Startup/startup_stm32f103rctx.s.obj
 .debug_aranges
                0x00000288       0xe0 CMakeFiles/Pioneer.elf.dir/Drivers/STM32F1xx_HAL_Driver/Src/stm32f1xx_hal.c.obj
 .debug_aranges
                0x00000368      0x138 CMakeFiles/Pioneer.elf.dir/Drivers/STM32F1xx_HAL_Driver/Src/stm32f1xx_hal_can.c.obj
 .debug_aranges
                0x000004a0       0x90 CMakeFiles/Pioneer.elf.dir/Drivers/STM32F1xx_HAL_Driver/Src/stm32f1xx_hal_cortex.c.obj
 .debug_aranges
                0x00000530       0x58 CMakeFiles/Pioneer.elf.dir/Drivers/STM32F1xx_HAL_Driver/Src/stm32f1xx_hal_gpio.c.obj
 .debug_aranges
                0x00000588      0x2a8 CMakeFiles/Pioneer.elf.dir/Drivers/STM32F1xx_HAL_Driver/Src/stm32f1xx_hal_i2c.c.obj
 .debug_aranges
                0x00000830       0x90 CMakeFiles/Pioneer.elf.dir/Drivers/STM32F1xx_HAL_Driver/Src/stm32f1xx_hal_rcc.c.obj
 .debug_aranges
                0x000008c0      0x3d0 CMakeFiles/Pioneer.elf.dir/Drivers/STM32F1xx_HAL_Driver/Src/stm32f1xx_hal_tim.c.obj
 .debug_aranges
                0x00000c90      0x168 CMakeFiles/Pioneer.elf.dir/Drivers/STM32F1xx_HAL_Driver/Src/stm32f1xx_hal_tim_ex.c.obj
 .debug_aranges
                0x00000df8      0x208 CMakeFiles/Pioneer.elf.dir/Drivers/STM32F1xx_HAL_Driver/Src/stm32f1xx_hal_uart.c.obj
 .debug_aranges
                0x00001000       0x58 CMakeFiles/Pioneer.elf.dir/HARDWARE/PS2/pstwo.c.obj
 .debug_aranges
                0x00001058       0x58 CMakeFiles/Pioneer.elf.dir/Lib/PCA9685.c.obj
 .debug_aranges
                0x000010b0       0x80 CMakeFiles/Pioneer.elf.dir/app/Car.c.obj

.debug_ranges   0x00000000     0x1078
 .debug_ranges  0x00000000       0x20 CMakeFiles/Pioneer.elf.dir/Core/Src/can.c.obj
 .debug_ranges  0x00000020       0x20 CMakeFiles/Pioneer.elf.dir/Core/Src/delay.c.obj
 .debug_ranges  0x00000040       0x10 CMakeFiles/Pioneer.elf.dir/Core/Src/gpio.c.obj
 .debug_ranges  0x00000050       0x20 CMakeFiles/Pioneer.elf.dir/Core/Src/i2c.c.obj
 .debug_ranges  0x00000070       0x20 CMakeFiles/Pioneer.elf.dir/Core/Src/main.c.obj
 .debug_ranges  0x00000090       0x10 CMakeFiles/Pioneer.elf.dir/Core/Src/stm32f1xx_hal_msp.c.obj
 .debug_ranges  0x000000a0       0x90 CMakeFiles/Pioneer.elf.dir/Core/Src/stm32f1xx_it.c.obj
 .debug_ranges  0x00000130       0x18 CMakeFiles/Pioneer.elf.dir/Core/Src/system_stm32f1xx.c.obj
 .debug_ranges  0x00000148       0x50 CMakeFiles/Pioneer.elf.dir/Core/Src/tim.c.obj
 .debug_ranges  0x00000198       0x28 CMakeFiles/Pioneer.elf.dir/Core/Src/usart.c.obj
 .debug_ranges  0x000001c0       0x20 CMakeFiles/Pioneer.elf.dir/Core/Startup/startup_stm32f103rctx.s.obj
 .debug_ranges  0x000001e0       0xd0 CMakeFiles/Pioneer.elf.dir/Drivers/STM32F1xx_HAL_Driver/Src/stm32f1xx_hal.c.obj
 .debug_ranges  0x000002b0      0x128 CMakeFiles/Pioneer.elf.dir/Drivers/STM32F1xx_HAL_Driver/Src/stm32f1xx_hal_can.c.obj
 .debug_ranges  0x000003d8       0xe0 CMakeFiles/Pioneer.elf.dir/Drivers/STM32F1xx_HAL_Driver/Src/stm32f1xx_hal_cortex.c.obj
 .debug_ranges  0x000004b8       0x48 CMakeFiles/Pioneer.elf.dir/Drivers/STM32F1xx_HAL_Driver/Src/stm32f1xx_hal_gpio.c.obj
 .debug_ranges  0x00000500      0x2b0 CMakeFiles/Pioneer.elf.dir/Drivers/STM32F1xx_HAL_Driver/Src/stm32f1xx_hal_i2c.c.obj
 .debug_ranges  0x000007b0       0xa0 CMakeFiles/Pioneer.elf.dir/Drivers/STM32F1xx_HAL_Driver/Src/stm32f1xx_hal_rcc.c.obj
 .debug_ranges  0x00000850      0x3c0 CMakeFiles/Pioneer.elf.dir/Drivers/STM32F1xx_HAL_Driver/Src/stm32f1xx_hal_tim.c.obj
 .debug_ranges  0x00000c10      0x158 CMakeFiles/Pioneer.elf.dir/Drivers/STM32F1xx_HAL_Driver/Src/stm32f1xx_hal_tim_ex.c.obj
 .debug_ranges  0x00000d68      0x210 CMakeFiles/Pioneer.elf.dir/Drivers/STM32F1xx_HAL_Driver/Src/stm32f1xx_hal_uart.c.obj
 .debug_ranges  0x00000f78       0x48 CMakeFiles/Pioneer.elf.dir/HARDWARE/PS2/pstwo.c.obj
 .debug_ranges  0x00000fc0       0x48 CMakeFiles/Pioneer.elf.dir/Lib/PCA9685.c.obj
 .debug_ranges  0x00001008       0x70 CMakeFiles/Pioneer.elf.dir/app/Car.c.obj

.debug_line     0x00000000    0x1635a
 .debug_line    0x00000000      0x38f CMakeFiles/Pioneer.elf.dir/Core/Src/can.c.obj
 .debug_line    0x0000038f      0x2a4 CMakeFiles/Pioneer.elf.dir/Core/Src/delay.c.obj
 .debug_line    0x00000633      0x2aa CMakeFiles/Pioneer.elf.dir/Core/Src/gpio.c.obj
 .debug_line    0x000008dd      0x2e5 CMakeFiles/Pioneer.elf.dir/Core/Src/i2c.c.obj
 .debug_line    0x00000bc2      0x432 CMakeFiles/Pioneer.elf.dir/Core/Src/main.c.obj
 .debug_line    0x00000ff4      0x163 CMakeFiles/Pioneer.elf.dir/Core/Src/stm32f1xx_hal_msp.c.obj
 .debug_line    0x00001157      0x3ab CMakeFiles/Pioneer.elf.dir/Core/Src/stm32f1xx_it.c.obj
 .debug_line    0x00001502      0x22c CMakeFiles/Pioneer.elf.dir/Core/Src/system_stm32f1xx.c.obj
 .debug_line    0x0000172e      0x750 CMakeFiles/Pioneer.elf.dir/Core/Src/tim.c.obj
 .debug_line    0x00001e7e      0x3c8 CMakeFiles/Pioneer.elf.dir/Core/Src/usart.c.obj
 .debug_line    0x00002246       0x97 CMakeFiles/Pioneer.elf.dir/Core/Startup/startup_stm32f103rctx.s.obj
 .debug_line    0x000022dd      0x53a CMakeFiles/Pioneer.elf.dir/Drivers/STM32F1xx_HAL_Driver/Src/stm32f1xx_hal.c.obj
 .debug_line    0x00002817     0x1107 CMakeFiles/Pioneer.elf.dir/Drivers/STM32F1xx_HAL_Driver/Src/stm32f1xx_hal_can.c.obj
 .debug_line    0x0000391e      0x632 CMakeFiles/Pioneer.elf.dir/Drivers/STM32F1xx_HAL_Driver/Src/stm32f1xx_hal_cortex.c.obj
 .debug_line    0x00003f50      0x5ee CMakeFiles/Pioneer.elf.dir/Drivers/STM32F1xx_HAL_Driver/Src/stm32f1xx_hal_gpio.c.obj
 .debug_line    0x0000453e     0x55fc CMakeFiles/Pioneer.elf.dir/Drivers/STM32F1xx_HAL_Driver/Src/stm32f1xx_hal_i2c.c.obj
 .debug_line    0x00009b3a      0xc17 CMakeFiles/Pioneer.elf.dir/Drivers/STM32F1xx_HAL_Driver/Src/stm32f1xx_hal_rcc.c.obj
 .debug_line    0x0000a751     0x4a55 CMakeFiles/Pioneer.elf.dir/Drivers/STM32F1xx_HAL_Driver/Src/stm32f1xx_hal_tim.c.obj
 .debug_line    0x0000f1a6     0x1c4d CMakeFiles/Pioneer.elf.dir/Drivers/STM32F1xx_HAL_Driver/Src/stm32f1xx_hal_tim_ex.c.obj
 .debug_line    0x00010df3     0x43af CMakeFiles/Pioneer.elf.dir/Drivers/STM32F1xx_HAL_Driver/Src/stm32f1xx_hal_uart.c.obj
 .debug_line    0x000151a2      0x536 CMakeFiles/Pioneer.elf.dir/HARDWARE/PS2/pstwo.c.obj
 .debug_line    0x000156d8      0x6fa CMakeFiles/Pioneer.elf.dir/Lib/PCA9685.c.obj
 .debug_line    0x00015dd2      0x588 CMakeFiles/Pioneer.elf.dir/app/Car.c.obj

.debug_str      0x00000000     0x5082
 .debug_str     0x00000000      0x5f8 CMakeFiles/Pioneer.elf.dir/Core/Src/can.c.obj
                                0x680 (size before relaxing)
 .debug_str     0x000005f8       0xa0 CMakeFiles/Pioneer.elf.dir/Core/Src/delay.c.obj
                                0x255 (size before relaxing)
 .debug_str     0x00000698      0x43f CMakeFiles/Pioneer.elf.dir/Core/Src/gpio.c.obj
                                0x67c (size before relaxing)
 .debug_str     0x00000ad7      0x45d CMakeFiles/Pioneer.elf.dir/Core/Src/i2c.c.obj
                                0x752 (size before relaxing)
 .debug_str     0x00000f34      0x5fc CMakeFiles/Pioneer.elf.dir/Core/Src/main.c.obj
                                0xa53 (size before relaxing)
 .debug_str     0x00001530       0x3c CMakeFiles/Pioneer.elf.dir/Core/Src/stm32f1xx_hal_msp.c.obj
                                0x23d (size before relaxing)
 .debug_str     0x0000156c      0x179 CMakeFiles/Pioneer.elf.dir/Core/Src/stm32f1xx_it.c.obj
                                0x7ec (size before relaxing)
 .debug_str     0x000016e5       0x7e CMakeFiles/Pioneer.elf.dir/Core/Src/system_stm32f1xx.c.obj
                                0x272 (size before relaxing)
 .debug_str     0x00001763      0x245 CMakeFiles/Pioneer.elf.dir/Core/Src/tim.c.obj
                                0xe07 (size before relaxing)
 .debug_str     0x000019a8      0x23f CMakeFiles/Pioneer.elf.dir/Core/Src/usart.c.obj
                                0x6f9 (size before relaxing)
 .debug_str     0x00001be7       0x46 CMakeFiles/Pioneer.elf.dir/Core/Startup/startup_stm32f103rctx.s.obj
                                 0x6b (size before relaxing)
 .debug_str     0x00001c2d      0x2f7 CMakeFiles/Pioneer.elf.dir/Drivers/STM32F1xx_HAL_Driver/Src/stm32f1xx_hal.c.obj
                                0x926 (size before relaxing)
 .debug_str     0x00001f24      0x4a0 CMakeFiles/Pioneer.elf.dir/Drivers/STM32F1xx_HAL_Driver/Src/stm32f1xx_hal_can.c.obj
                                0xa5c (size before relaxing)
 .debug_str     0x000023c4      0x380 CMakeFiles/Pioneer.elf.dir/Drivers/STM32F1xx_HAL_Driver/Src/stm32f1xx_hal_cortex.c.obj
                                0x9d5 (size before relaxing)
 .debug_str     0x00002744      0x10c CMakeFiles/Pioneer.elf.dir/Drivers/STM32F1xx_HAL_Driver/Src/stm32f1xx_hal_gpio.c.obj
                                0x41e (size before relaxing)
 .debug_str     0x00002850      0x90c CMakeFiles/Pioneer.elf.dir/Drivers/STM32F1xx_HAL_Driver/Src/stm32f1xx_hal_i2c.c.obj
                                0xfe3 (size before relaxing)
 .debug_str     0x0000315c      0x1d5 CMakeFiles/Pioneer.elf.dir/Drivers/STM32F1xx_HAL_Driver/Src/stm32f1xx_hal_rcc.c.obj
                                0x649 (size before relaxing)
 .debug_str     0x00003331      0xd6d CMakeFiles/Pioneer.elf.dir/Drivers/STM32F1xx_HAL_Driver/Src/stm32f1xx_hal_tim.c.obj
                               0x165d (size before relaxing)
 .debug_str     0x0000409e      0x534 CMakeFiles/Pioneer.elf.dir/Drivers/STM32F1xx_HAL_Driver/Src/stm32f1xx_hal_tim_ex.c.obj
                                0xe5e (size before relaxing)
 .debug_str     0x000045d2      0x636 CMakeFiles/Pioneer.elf.dir/Drivers/STM32F1xx_HAL_Driver/Src/stm32f1xx_hal_uart.c.obj
                                0xd12 (size before relaxing)
 .debug_str     0x00004c08       0xc2 CMakeFiles/Pioneer.elf.dir/HARDWARE/PS2/pstwo.c.obj
                                0x6a5 (size before relaxing)
 .debug_str     0x00004cca      0x223 CMakeFiles/Pioneer.elf.dir/Lib/PCA9685.c.obj
                                0x43d (size before relaxing)
 .debug_str     0x00004eed      0x195 CMakeFiles/Pioneer.elf.dir/app/Car.c.obj
                                0xcd4 (size before relaxing)

.comment        0x00000000       0x49
 .comment       0x00000000       0x49 CMakeFiles/Pioneer.elf.dir/Core/Src/can.c.obj
                                 0x4a (size before relaxing)
 .comment       0x00000049       0x4a CMakeFiles/Pioneer.elf.dir/Core/Src/delay.c.obj
 .comment       0x00000049       0x4a CMakeFiles/Pioneer.elf.dir/Core/Src/gpio.c.obj
 .comment       0x00000049       0x4a CMakeFiles/Pioneer.elf.dir/Core/Src/i2c.c.obj
 .comment       0x00000049       0x4a CMakeFiles/Pioneer.elf.dir/Core/Src/main.c.obj
 .comment       0x00000049       0x4a CMakeFiles/Pioneer.elf.dir/Core/Src/stm32f1xx_hal_msp.c.obj
 .comment       0x00000049       0x4a CMakeFiles/Pioneer.elf.dir/Core/Src/stm32f1xx_it.c.obj
 .comment       0x00000049       0x4a CMakeFiles/Pioneer.elf.dir/Core/Src/system_stm32f1xx.c.obj
 .comment       0x00000049       0x4a CMakeFiles/Pioneer.elf.dir/Core/Src/tim.c.obj
 .comment       0x00000049       0x4a CMakeFiles/Pioneer.elf.dir/Core/Src/usart.c.obj
 .comment       0x00000049       0x4a CMakeFiles/Pioneer.elf.dir/Drivers/STM32F1xx_HAL_Driver/Src/stm32f1xx_hal.c.obj
 .comment       0x00000049       0x4a CMakeFiles/Pioneer.elf.dir/Drivers/STM32F1xx_HAL_Driver/Src/stm32f1xx_hal_can.c.obj
 .comment       0x00000049       0x4a CMakeFiles/Pioneer.elf.dir/Drivers/STM32F1xx_HAL_Driver/Src/stm32f1xx_hal_cortex.c.obj
 .comment       0x00000049       0x4a CMakeFiles/Pioneer.elf.dir/Drivers/STM32F1xx_HAL_Driver/Src/stm32f1xx_hal_gpio.c.obj
 .comment       0x00000049       0x4a CMakeFiles/Pioneer.elf.dir/Drivers/STM32F1xx_HAL_Driver/Src/stm32f1xx_hal_i2c.c.obj
 .comment       0x00000049       0x4a CMakeFiles/Pioneer.elf.dir/Drivers/STM32F1xx_HAL_Driver/Src/stm32f1xx_hal_rcc.c.obj
 .comment       0x00000049       0x4a CMakeFiles/Pioneer.elf.dir/Drivers/STM32F1xx_HAL_Driver/Src/stm32f1xx_hal_tim.c.obj
 .comment       0x00000049       0x4a CMakeFiles/Pioneer.elf.dir/Drivers/STM32F1xx_HAL_Driver/Src/stm32f1xx_hal_tim_ex.c.obj
 .comment       0x00000049       0x4a CMakeFiles/Pioneer.elf.dir/Drivers/STM32F1xx_HAL_Driver/Src/stm32f1xx_hal_uart.c.obj
 .comment       0x00000049       0x4a CMakeFiles/Pioneer.elf.dir/HARDWARE/PS2/pstwo.c.obj
 .comment       0x00000049       0x4a CMakeFiles/Pioneer.elf.dir/Lib/PCA9685.c.obj
 .comment       0x00000049       0x4a CMakeFiles/Pioneer.elf.dir/app/Car.c.obj

.debug_frame    0x00000000     0x33b0
 .debug_frame   0x00000000       0x68 CMakeFiles/Pioneer.elf.dir/Core/Src/can.c.obj
 .debug_frame   0x00000068       0x4c CMakeFiles/Pioneer.elf.dir/Core/Src/delay.c.obj
 .debug_frame   0x000000b4       0x3c CMakeFiles/Pioneer.elf.dir/Core/Src/gpio.c.obj
 .debug_frame   0x000000f0       0x60 CMakeFiles/Pioneer.elf.dir/Core/Src/i2c.c.obj
 .debug_frame   0x00000150       0x5c CMakeFiles/Pioneer.elf.dir/Core/Src/main.c.obj
 .debug_frame   0x000001ac       0x28 CMakeFiles/Pioneer.elf.dir/Core/Src/stm32f1xx_hal_msp.c.obj
 .debug_frame   0x000001d4      0x168 CMakeFiles/Pioneer.elf.dir/Core/Src/stm32f1xx_it.c.obj
 .debug_frame   0x0000033c       0x30 CMakeFiles/Pioneer.elf.dir/Core/Src/system_stm32f1xx.c.obj
 .debug_frame   0x0000036c      0x11c CMakeFiles/Pioneer.elf.dir/Core/Src/tim.c.obj
 .debug_frame   0x00000488       0x78 CMakeFiles/Pioneer.elf.dir/Core/Src/usart.c.obj
 .debug_frame   0x00000500      0x1cc CMakeFiles/Pioneer.elf.dir/Drivers/STM32F1xx_HAL_Driver/Src/stm32f1xx_hal.c.obj
 .debug_frame   0x000006cc      0x2d4 CMakeFiles/Pioneer.elf.dir/Drivers/STM32F1xx_HAL_Driver/Src/stm32f1xx_hal_can.c.obj
 .debug_frame   0x000009a0      0x118 CMakeFiles/Pioneer.elf.dir/Drivers/STM32F1xx_HAL_Driver/Src/stm32f1xx_hal_cortex.c.obj
 .debug_frame   0x00000ab8       0xe4 CMakeFiles/Pioneer.elf.dir/Drivers/STM32F1xx_HAL_Driver/Src/stm32f1xx_hal_gpio.c.obj
 .debug_frame   0x00000b9c      0x984 CMakeFiles/Pioneer.elf.dir/Drivers/STM32F1xx_HAL_Driver/Src/stm32f1xx_hal_i2c.c.obj
 .debug_frame   0x00001520      0x184 CMakeFiles/Pioneer.elf.dir/Drivers/STM32F1xx_HAL_Driver/Src/stm32f1xx_hal_rcc.c.obj
 .debug_frame   0x000016a4      0xb04 CMakeFiles/Pioneer.elf.dir/Drivers/STM32F1xx_HAL_Driver/Src/stm32f1xx_hal_tim.c.obj
 .debug_frame   0x000021a8      0x40c CMakeFiles/Pioneer.elf.dir/Drivers/STM32F1xx_HAL_Driver/Src/stm32f1xx_hal_tim_ex.c.obj
 .debug_frame   0x000025b4      0x5d8 CMakeFiles/Pioneer.elf.dir/Drivers/STM32F1xx_HAL_Driver/Src/stm32f1xx_hal_uart.c.obj
 .debug_frame   0x00002b8c       0xec CMakeFiles/Pioneer.elf.dir/HARDWARE/PS2/pstwo.c.obj
 .debug_frame   0x00002c78      0x148 CMakeFiles/Pioneer.elf.dir/Lib/PCA9685.c.obj
 .debug_frame   0x00002dc0      0x174 CMakeFiles/Pioneer.elf.dir/app/Car.c.obj
 .debug_frame   0x00002f34       0xac d:/armtoolchainsecond/10 2021.10/bin/../lib/gcc/arm-none-eabi/10.3.1/thumb/v7-m/nofp\libgcc.a(_arm_addsubdf3.o)
 .debug_frame   0x00002fe0       0x50 d:/armtoolchainsecond/10 2021.10/bin/../lib/gcc/arm-none-eabi/10.3.1/thumb/v7-m/nofp\libgcc.a(_arm_muldivdf3.o)
 .debug_frame   0x00003030       0x24 d:/armtoolchainsecond/10 2021.10/bin/../lib/gcc/arm-none-eabi/10.3.1/thumb/v7-m/nofp\libgcc.a(_arm_truncdfsf2.o)
 .debug_frame   0x00003054       0x4c d:/armtoolchainsecond/10 2021.10/bin/../lib/gcc/arm-none-eabi/10.3.1/thumb/v7-m/nofp\libgcc.a(_arm_addsubsf3.o)
 .debug_frame   0x000030a0       0x38 d:/armtoolchainsecond/10 2021.10/bin/../lib/gcc/arm-none-eabi/10.3.1/thumb/v7-m/nofp\libgcc.a(_arm_muldivsf3.o)
 .debug_frame   0x000030d8       0xc8 d:/armtoolchainsecond/10 2021.10/bin/../lib/gcc/arm-none-eabi/10.3.1/thumb/v7-m/nofp\libgcc.a(_arm_cmpsf2.o)
 .debug_frame   0x000031a0       0x24 d:/armtoolchainsecond/10 2021.10/bin/../lib/gcc/arm-none-eabi/10.3.1/thumb/v7-m/nofp\libgcc.a(_arm_fixunssfsi.o)
 .debug_frame   0x000031c4       0x2c d:/armtoolchainsecond/10 2021.10/bin/../lib/gcc/arm-none-eabi/10.3.1/../../../../arm-none-eabi/lib/thumb/v7-m/nofp\libg.a(lib_a-init.o)
 .debug_frame   0x000031f0       0x2c d:/armtoolchainsecond/10 2021.10/bin/../lib/gcc/arm-none-eabi/10.3.1/../../../../arm-none-eabi/lib/thumb/v7-m/nofp\libg.a(lib_a-memset.o)
 .debug_frame   0x0000321c       0x5c d:/armtoolchainsecond/10 2021.10/bin/../lib/gcc/arm-none-eabi/10.3.1/../../../../arm-none-eabi/lib/thumb/v7-m/nofp\libg.a(lib_a-__call_atexit.o)
 .debug_frame   0x00003278       0x20 d:/armtoolchainsecond/10 2021.10/bin/../lib/gcc/arm-none-eabi/10.3.1/../../../../arm-none-eabi/lib/thumb/v7-m/nofp\libg.a(lib_a-atexit.o)
 .debug_frame   0x00003298       0x34 d:/armtoolchainsecond/10 2021.10/bin/../lib/gcc/arm-none-eabi/10.3.1/../../../../arm-none-eabi/lib/thumb/v7-m/nofp\libg.a(lib_a-fini.o)
 .debug_frame   0x000032cc       0xb0 d:/armtoolchainsecond/10 2021.10/bin/../lib/gcc/arm-none-eabi/10.3.1/../../../../arm-none-eabi/lib/thumb/v7-m/nofp\libg.a(lib_a-lock.o)
 .debug_frame   0x0000337c       0x34 d:/armtoolchainsecond/10 2021.10/bin/../lib/gcc/arm-none-eabi/10.3.1/../../../../arm-none-eabi/lib/thumb/v7-m/nofp\libg.a(lib_a-__atexit.o)
